../Core/Src/main.c:138:5:main	8	static
../Core/Src/main.c:204:9:switchMode	8	static
../Core/Src/main.c:213:6:updateDisplay	16	static
../Core/Src/main.c:234:10:getADCValue	40	static
../Core/Src/main.c:257:6:getAllADCValue	16	static
../Core/Src/main.c:275:6:mouseProcess	8	static
../Core/Src/main.c:291:6:gamepadProcess	16	static
../Core/Src/main.c:314:6:SystemClock_Config	88	static
../Core/Src/main.c:360:13:MX_ADC1_Init	24	static
../Core/Src/main.c:439:13:MX_I2C3_Init	8	static
../Core/Src/main.c:473:13:MX_TIM2_Init	56	static
../Core/Src/main.c:522:13:MX_GPIO_Init	40	static
../Core/Src/main.c:561:6:Error_Handler	4	static,ignoring_inline_asm
