Archive member included to satisfy reference by file (symbol)

C:/ST/STM32CubeIDE_1.15.1/STM32CubeIDE/plugins/com.st.stm32cube.ide.mcu.externaltools.gnu-tools-for-stm32.12.3.rel1.win32_1.0.100.202403111256/tools/bin/../lib/gcc/arm-none-eabi/12.3.1/../../../../arm-none-eabi/lib/thumb/v7e-m+fp/hard\libc_nano.a(libc_a-exit.o)
                              C:/ST/STM32CubeIDE_1.15.1/STM32CubeIDE/plugins/com.st.stm32cube.ide.mcu.externaltools.gnu-tools-for-stm32.12.3.rel1.win32_1.0.100.202403111256/tools/bin/../lib/gcc/arm-none-eabi/12.3.1/../../../../arm-none-eabi/lib/thumb/v7e-m+fp/hard/crt0.o (exit)
C:/ST/STM32CubeIDE_1.15.1/STM32CubeIDE/plugins/com.st.stm32cube.ide.mcu.externaltools.gnu-tools-for-stm32.12.3.rel1.win32_1.0.100.202403111256/tools/bin/../lib/gcc/arm-none-eabi/12.3.1/../../../../arm-none-eabi/lib/thumb/v7e-m+fp/hard\libc_nano.a(libc_a-findfp.o)
                              C:/ST/STM32CubeIDE_1.15.1/STM32CubeIDE/plugins/com.st.stm32cube.ide.mcu.externaltools.gnu-tools-for-stm32.12.3.rel1.win32_1.0.100.202403111256/tools/bin/../lib/gcc/arm-none-eabi/12.3.1/../../../../arm-none-eabi/lib/thumb/v7e-m+fp/hard\libc_nano.a(libc_a-exit.o) (__stdio_exit_handler)
C:/ST/STM32CubeIDE_1.15.1/STM32CubeIDE/plugins/com.st.stm32cube.ide.mcu.externaltools.gnu-tools-for-stm32.12.3.rel1.win32_1.0.100.202403111256/tools/bin/../lib/gcc/arm-none-eabi/12.3.1/../../../../arm-none-eabi/lib/thumb/v7e-m+fp/hard\libc_nano.a(libc_a-fwalk.o)
                              C:/ST/STM32CubeIDE_1.15.1/STM32CubeIDE/plugins/com.st.stm32cube.ide.mcu.externaltools.gnu-tools-for-stm32.12.3.rel1.win32_1.0.100.202403111256/tools/bin/../lib/gcc/arm-none-eabi/12.3.1/../../../../arm-none-eabi/lib/thumb/v7e-m+fp/hard\libc_nano.a(libc_a-findfp.o) (_fwalk_sglue)
C:/ST/STM32CubeIDE_1.15.1/STM32CubeIDE/plugins/com.st.stm32cube.ide.mcu.externaltools.gnu-tools-for-stm32.12.3.rel1.win32_1.0.100.202403111256/tools/bin/../lib/gcc/arm-none-eabi/12.3.1/../../../../arm-none-eabi/lib/thumb/v7e-m+fp/hard\libc_nano.a(libc_a-snprintf.o)
                              ./Core/Src/ssd1306_tests.o (snprintf)
C:/ST/STM32CubeIDE_1.15.1/STM32CubeIDE/plugins/com.st.stm32cube.ide.mcu.externaltools.gnu-tools-for-stm32.12.3.rel1.win32_1.0.100.202403111256/tools/bin/../lib/gcc/arm-none-eabi/12.3.1/../../../../arm-none-eabi/lib/thumb/v7e-m+fp/hard\libc_nano.a(libc_a-sprintf.o)
                              ./Core/Src/main.o (sprintf)
C:/ST/STM32CubeIDE_1.15.1/STM32CubeIDE/plugins/com.st.stm32cube.ide.mcu.externaltools.gnu-tools-for-stm32.12.3.rel1.win32_1.0.100.202403111256/tools/bin/../lib/gcc/arm-none-eabi/12.3.1/../../../../arm-none-eabi/lib/thumb/v7e-m+fp/hard\libc_nano.a(libc_a-stdio.o)
                              C:/ST/STM32CubeIDE_1.15.1/STM32CubeIDE/plugins/com.st.stm32cube.ide.mcu.externaltools.gnu-tools-for-stm32.12.3.rel1.win32_1.0.100.202403111256/tools/bin/../lib/gcc/arm-none-eabi/12.3.1/../../../../arm-none-eabi/lib/thumb/v7e-m+fp/hard\libc_nano.a(libc_a-findfp.o) (__sread)
C:/ST/STM32CubeIDE_1.15.1/STM32CubeIDE/plugins/com.st.stm32cube.ide.mcu.externaltools.gnu-tools-for-stm32.12.3.rel1.win32_1.0.100.202403111256/tools/bin/../lib/gcc/arm-none-eabi/12.3.1/../../../../arm-none-eabi/lib/thumb/v7e-m+fp/hard\libc_nano.a(libc_a-memmove.o)
                              ./Core/Src/ssd1306_tests.o (memmove)
C:/ST/STM32CubeIDE_1.15.1/STM32CubeIDE/plugins/com.st.stm32cube.ide.mcu.externaltools.gnu-tools-for-stm32.12.3.rel1.win32_1.0.100.202403111256/tools/bin/../lib/gcc/arm-none-eabi/12.3.1/../../../../arm-none-eabi/lib/thumb/v7e-m+fp/hard\libc_nano.a(libc_a-memset.o)
                              C:/ST/STM32CubeIDE_1.15.1/STM32CubeIDE/plugins/com.st.stm32cube.ide.mcu.externaltools.gnu-tools-for-stm32.12.3.rel1.win32_1.0.100.202403111256/tools/bin/../lib/gcc/arm-none-eabi/12.3.1/../../../../arm-none-eabi/lib/thumb/v7e-m+fp/hard/crt0.o (memset)
C:/ST/STM32CubeIDE_1.15.1/STM32CubeIDE/plugins/com.st.stm32cube.ide.mcu.externaltools.gnu-tools-for-stm32.12.3.rel1.win32_1.0.100.202403111256/tools/bin/../lib/gcc/arm-none-eabi/12.3.1/../../../../arm-none-eabi/lib/thumb/v7e-m+fp/hard\libc_nano.a(libc_a-closer.o)
                              C:/ST/STM32CubeIDE_1.15.1/STM32CubeIDE/plugins/com.st.stm32cube.ide.mcu.externaltools.gnu-tools-for-stm32.12.3.rel1.win32_1.0.100.202403111256/tools/bin/../lib/gcc/arm-none-eabi/12.3.1/../../../../arm-none-eabi/lib/thumb/v7e-m+fp/hard\libc_nano.a(libc_a-stdio.o) (_close_r)
C:/ST/STM32CubeIDE_1.15.1/STM32CubeIDE/plugins/com.st.stm32cube.ide.mcu.externaltools.gnu-tools-for-stm32.12.3.rel1.win32_1.0.100.202403111256/tools/bin/../lib/gcc/arm-none-eabi/12.3.1/../../../../arm-none-eabi/lib/thumb/v7e-m+fp/hard\libc_nano.a(libc_a-reent.o)
                              C:/ST/STM32CubeIDE_1.15.1/STM32CubeIDE/plugins/com.st.stm32cube.ide.mcu.externaltools.gnu-tools-for-stm32.12.3.rel1.win32_1.0.100.202403111256/tools/bin/../lib/gcc/arm-none-eabi/12.3.1/../../../../arm-none-eabi/lib/thumb/v7e-m+fp/hard\libc_nano.a(libc_a-closer.o) (errno)
[...]
Memory Configuration

Name             Origin             Length             Attributes
RAM              0x20000000         0x00010000         xrw
FLASH            0x08000000         0x00040000         xr
*default*        0x00000000         0xffffffff

Linker script and memory map

LOAD C:/ST/STM32CubeIDE_1.15.1/STM32CubeIDE/plugins/com.st.stm32cube.ide.mcu.externaltools.gnu-tools-for-stm32.12.3.rel1.win32_1.0.100.202403111256/tools/bin/../lib/gcc/arm-none-eabi/12.3.1/thumb/v7e-m+fp/hard/crti.o
LOAD C:/ST/STM32CubeIDE_1.15.1/STM32CubeIDE/plugins/com.st.stm32cube.ide.mcu.externaltools.gnu-tools-for-stm32.12.3.rel1.win32_1.0.100.202403111256/tools/bin/../lib/gcc/arm-none-eabi/12.3.1/thumb/v7e-m+fp/hard/crtbegin.o
LOAD C:/ST/STM32CubeIDE_1.15.1/STM32CubeIDE/plugins/com.st.stm32cube.ide.mcu.externaltools.gnu-tools-for-stm32.12.3.rel1.win32_1.0.100.202403111256/tools/bin/../lib/gcc/arm-none-eabi/12.3.1/../../../../arm-none-eabi/lib/thumb/v7e-m+fp/hard/crt0.o
LOAD ./Core/Src/main.o
LOAD ./Core/Src/ssd1306.o
LOAD ./Core/Src/ssd1306_fonts.o
LOAD ./Core/Src/ssd1306_tests.o
LOAD ./Core/Src/stm32f4xx_hal_msp.o
LOAD ./Core/Src/stm32f4xx_it.o
LOAD ./Core/Src/syscalls.o
LOAD ./Core/Src/sysmem.o
LOAD ./Core/Src/system_stm32f4xx.o
LOAD ./Core/Startup/startup_stm32f401ccux.o
LOAD ./Drivers/STM32F4xx_HAL_Driver/Src/stm32f4xx_hal.o
LOAD ./Drivers/STM32F4xx_HAL_Driver/Src/stm32f4xx_hal_adc.o
LOAD ./Drivers/STM32F4xx_HAL_Driver/Src/stm32f4xx_hal_adc_ex.o
LOAD ./Drivers/STM32F4xx_HAL_Driver/Src/stm32f4xx_hal_cortex.o
LOAD ./Drivers/STM32F4xx_HAL_Driver/Src/stm32f4xx_hal_dma.o
LOAD ./Drivers/STM32F4xx_HAL_Driver/Src/stm32f4xx_hal_dma_ex.o
LOAD ./Drivers/STM32F4xx_HAL_Driver/Src/stm32f4xx_hal_exti.o
LOAD ./Drivers/STM32F4xx_HAL_Driver/Src/stm32f4xx_hal_flash.o
LOAD ./Drivers/STM32F4xx_HAL_Driver/Src/stm32f4xx_hal_flash_ex.o
LOAD ./Drivers/STM32F4xx_HAL_Driver/Src/stm32f4xx_hal_flash_ramfunc.o
LOAD ./Drivers/STM32F4xx_HAL_Driver/Src/stm32f4xx_hal_gpio.o
LOAD ./Drivers/STM32F4xx_HAL_Driver/Src/stm32f4xx_hal_i2c.o
LOAD ./Drivers/STM32F4xx_HAL_Driver/Src/stm32f4xx_hal_i2c_ex.o
LOAD ./Drivers/STM32F4xx_HAL_Driver/Src/stm32f4xx_hal_pcd.o
LOAD ./Drivers/STM32F4xx_HAL_Driver/Src/stm32f4xx_hal_pcd_ex.o
LOAD ./Drivers/STM32F4xx_HAL_Driver/Src/stm32f4xx_hal_pwr.o
LOAD ./Drivers/STM32F4xx_HAL_Driver/Src/stm32f4xx_hal_pwr_ex.o
LOAD ./Drivers/STM32F4xx_HAL_Driver/Src/stm32f4xx_hal_rcc.o
LOAD ./Drivers/STM32F4xx_HAL_Driver/Src/stm32f4xx_hal_rcc_ex.o
LOAD ./Drivers/STM32F4xx_HAL_Driver/Src/stm32f4xx_hal_tim.o
LOAD ./Drivers/STM32F4xx_HAL_Driver/Src/stm32f4xx_hal_tim_ex.o
LOAD ./Drivers/STM32F4xx_HAL_Driver/Src/stm32f4xx_ll_adc.o
LOAD ./Drivers/STM32F4xx_HAL_Driver/Src/stm32f4xx_ll_usb.o
LOAD ./Middlewares/ST/STM32_USB_Device_Library/Class/CustomHID/Src/usbd_customhid.o
LOAD ./Middlewares/ST/STM32_USB_Device_Library/Core/Src/usbd_core.o
LOAD ./Middlewares/ST/STM32_USB_Device_Library/Core/Src/usbd_ctlreq.o
LOAD ./Middlewares/ST/STM32_USB_Device_Library/Core/Src/usbd_ioreq.o
LOAD ./USB_DEVICE/App/usb_device.o
LOAD ./USB_DEVICE/App/usbd_custom_hid_if.o
LOAD ./USB_DEVICE/App/usbd_desc.o
LOAD ./USB_DEVICE/Target/usbd_conf.o
START GROUP
LOAD C:/ST/STM32CubeIDE_1.15.1/STM32CubeIDE/plugins/com.st.stm32cube.ide.mcu.externaltools.gnu-tools-for-stm32.12.3.rel1.win32_1.0.100.202403111256/tools/bin/../lib/gcc/arm-none-eabi/12.3.1/../../../../arm-none-eabi/lib/thumb/v7e-m+fp/hard\libc_nano.a
LOAD C:/ST/STM32CubeIDE_1.15.1/STM32CubeIDE/plugins/com.st.stm32cube.ide.mcu.externaltools.gnu-tools-for-stm32.12.3.rel1.win32_1.0.100.202403111256/tools/bin/../lib/gcc/arm-none-eabi/12.3.1/../../../../arm-none-eabi/lib/thumb/v7e-m+fp/hard\libm.a
END GROUP
START GROUP
LOAD C:/ST/STM32CubeIDE_1.15.1/STM32CubeIDE/plugins/com.st.stm32cube.ide.mcu.externaltools.gnu-tools-for-stm32.12.3.rel1.win32_1.0.100.202403111256/tools/bin/../lib/gcc/arm-none-eabi/12.3.1/thumb/v7e-m+fp/hard\libgcc.a
LOAD C:/ST/STM32CubeIDE_1.15.1/STM32CubeIDE/plugins/com.st.stm32cube.ide.mcu.externaltools.gnu-tools-for-stm32.12.3.rel1.win32_1.0.100.202403111256/tools/bin/../lib/gcc/arm-none-eabi/12.3.1/../../../../arm-none-eabi/lib/thumb/v7e-m+fp/hard\libc_nano.a
END GROUP
START GROUP
LOAD C:/ST/STM32CubeIDE_1.15.1/STM32CubeIDE/plugins/com.st.stm32cube.ide.mcu.externaltools.gnu-tools-for-stm32.12.3.rel1.win32_1.0.100.202403111256/tools/bin/../lib/gcc/arm-none-eabi/12.3.1/thumb/v7e-m+fp/hard\libgcc.a
LOAD C:/ST/STM32CubeIDE_1.15.1/STM32CubeIDE/plugins/com.st.stm32cube.ide.mcu.externaltools.gnu-tools-for-stm32.12.3.rel1.win32_1.0.100.202403111256/tools/bin/../lib/gcc/arm-none-eabi/12.3.1/../../../../arm-none-eabi/lib/thumb/v7e-m+fp/hard\libc_nano.a
LOAD C:/ST/STM32CubeIDE_1.15.1/STM32CubeIDE/plugins/com.st.stm32cube.ide.mcu.externaltools.gnu-tools-for-stm32.12.3.rel1.win32_1.0.100.202403111256/tools/bin/../lib/gcc/arm-none-eabi/12.3.1/../../../../arm-none-eabi/lib/thumb/v7e-m+fp/hard\libnosys.a
END GROUP
START GROUP
LOAD C:/ST/STM32CubeIDE_1.15.1/STM32CubeIDE/plugins/com.st.stm32cube.ide.mcu.externaltools.gnu-tools-for-stm32.12.3.rel1.win32_1.0.100.202403111256/tools/bin/../lib/gcc/arm-none-eabi/12.3.1/thumb/v7e-m+fp/hard\libgcc.a
LOAD C:/ST/STM32CubeIDE_1.15.1/STM32CubeIDE/plugins/com.st.stm32cube.ide.mcu.externaltools.gnu-tools-for-stm32.12.3.rel1.win32_1.0.100.202403111256/tools/bin/../lib/gcc/arm-none-eabi/12.3.1/../../../../arm-none-eabi/lib/thumb/v7e-m+fp/hard\libc_nano.a
LOAD C:/ST/STM32CubeIDE_1.15.1/STM32CubeIDE/plugins/com.st.stm32cube.ide.mcu.externaltools.gnu-tools-for-stm32.12.3.rel1.win32_1.0.100.202403111256/tools/bin/../lib/gcc/arm-none-eabi/12.3.1/../../../../arm-none-eabi/lib/thumb/v7e-m+fp/hard\libnosys.a
END GROUP
LOAD C:/ST/STM32CubeIDE_1.15.1/STM32CubeIDE/plugins/com.st.stm32cube.ide.mcu.externaltools.gnu-tools-for-stm32.12.3.rel1.win32_1.0.100.202403111256/tools/bin/../lib/gcc/arm-none-eabi/12.3.1/thumb/v7e-m+fp/hard/crtend.o
LOAD C:/ST/STM32CubeIDE_1.15.1/STM32CubeIDE/plugins/com.st.stm32cube.ide.mcu.externaltools.gnu-tools-for-stm32.12.3.rel1.win32_1.0.100.202403111256/tools/bin/../lib/gcc/arm-none-eabi/12.3.1/thumb/v7e-m+fp/hard/crtn.o
                0x20010000                        _estack = (ORIGIN (RAM) + LENGTH (RAM))
                0x00000200                        _Min_Heap_Size = 0x200
                0x00000400                        _Min_Stack_Size = 0x400

.isr_vector     0x08000000      0x194
                0x08000000                        . = ALIGN (0x4)
 *(.isr_vector)
 .isr_vector    0x08000000      0x194 ./Core/Startup/startup_stm32f401ccux.o
                0x08000000                g_pfnVectors
                0x08000194                        . = ALIGN (0x4)

.text           0x080001a0     0x94e8
                0x080001a0                        . = ALIGN (0x4)
 *(.text)
 .text          0x080001a0       0x40 C:/ST/STM32CubeIDE_1.15.1/STM32CubeIDE/plugins/com.st.stm32cube.ide.mcu.externaltools.gnu-tools-for-stm32.12.3.rel1.win32_1.0.100.202403111256/tools/bin/../lib/gcc/arm-none-eabi/12.3.1/thumb/v7e-m+fp/hard/crtbegin.o
 .text          0x080001e0       0xa0 C:/ST/STM32CubeIDE_1.15.1/STM32CubeIDE/plugins/com.st.stm32cube.ide.mcu.externaltools.gnu-tools-for-stm32.12.3.rel1.win32_1.0.100.202403111256/tools/bin/../lib/gcc/arm-none-eabi/12.3.1/../../../../arm-none-eabi/lib/thumb/v7e-m+fp/hard\libc_nano.a(libc_a-memchr.o)
                0x080001e0                memchr
 .text          0x08000280       0x30 C:/ST/STM32CubeIDE_1.15.1/STM32CubeIDE/plugins/com.st.stm32cube.ide.mcu.externaltools.gnu-tools-for-stm32.12.3.rel1.win32_1.0.100.202403111256/tools/bin/../lib/gcc/arm-none-eabi/12.3.1/thumb/v7e-m+fp/hard\libgcc.a(_aeabi_uldivmod.o)
                0x08000280                __aeabi_uldivmod
 .text          0x080002b0      0x2bc C:/ST/STM32CubeIDE_1.15.1/STM32CubeIDE/plugins/com.st.stm32cube.ide.mcu.externaltools.gnu-tools-for-stm32.12.3.rel1.win32_1.0.100.202403111256/tools/bin/../lib/gcc/arm-none-eabi/12.3.1/thumb/v7e-m+fp/hard\libgcc.a(_udivmoddi4.o)
                0x080002b0                __udivmoddi4
 .text          0x0800056c        0x4 C:/ST/STM32CubeIDE_1.15.1/STM32CubeIDE/plugins/com.st.stm32cube.ide.mcu.externaltools.gnu-tools-for-stm32.12.3.rel1.win32_1.0.100.202403111256/tools/bin/../lib/gcc/arm-none-eabi/12.3.1/thumb/v7e-m+fp/hard\libgcc.a(_dvmd_tls.o)
                0x0800056c                __aeabi_idiv0
                0x0800056c                __aeabi_ldiv0
 *(.text*)
 .text.main     0x08000570       0xb8 ./Core/Src/main.o
                0x08000570                main
 .text.switchMode
                0x08000628       0x44 ./Core/Src/main.o
                0x08000628                switchMode
 .text.updateDisplay
                0x0800066c       0xc0 ./Core/Src/main.o
                0x0800066c                updateDisplay
 .text.getAllADCValue
                0x0800072c       0x58 ./Core/Src/main.o
                0x0800072c                getAllADCValue
 .text.mouseProcess
                0x08000784       0xf0 ./Core/Src/main.o
                0x08000784                mouseProcess
 .text.gamepadProcess
                0x08000874      0x128 ./Core/Src/main.o
                0x08000874                gamepadProcess
 .text.SystemClock_Config
                0x0800099c       0xd4 ./Core/Src/main.o
                0x0800099c                SystemClock_Config
 .text.MX_ADC1_Init
                0x08000a70       0xf8 ./Core/Src/main.o
 .text.MX_I2C3_Init
                0x08000b68       0x5c ./Core/Src/main.o
 .text.MX_TIM2_Init
                0x08000bc4       0xa8 ./Core/Src/main.o
 .text.MX_GPIO_Init
                0x08000c6c       0xb4 ./Core/Src/main.o
 .text.Error_Handler
                0x08000d20        0xc ./Core/Src/main.o
                0x08000d20                Error_Handler
 .text.ssd1306_Reset
                0x08000d2c        0xe ./Core/Src/ssd1306.o
                0x08000d2c                ssd1306_Reset
 *fill*         0x08000d3a        0x2 
 .text.ssd1306_WriteCommand
                0x08000d3c       0x30 ./Core/Src/ssd1306.o
                0x08000d3c                ssd1306_WriteCommand
 .text.ssd1306_WriteData
                0x08000d6c       0x34 ./Core/Src/ssd1306.o
                0x08000d6c                ssd1306_WriteData
 .text.ssd1306_Init
                0x08000da0       0xd4 ./Core/Src/ssd1306.o
                0x08000da0                ssd1306_Init
 .text.ssd1306_Fill
                0x08000e74       0x48 ./Core/Src/ssd1306.o
                0x08000e74                ssd1306_Fill
 .text.ssd1306_UpdateScreen
                0x08000ebc       0x50 ./Core/Src/ssd1306.o
                0x08000ebc                ssd1306_UpdateScreen
 .text.ssd1306_DrawPixel
                0x08000f0c       0xa8 ./Core/Src/ssd1306.o
                0x08000f0c                ssd1306_DrawPixel
 .text.ssd1306_WriteChar
                0x08000fb4      0x110 ./Core/Src/ssd1306.o
                0x08000fb4                ssd1306_WriteChar
 .text.ssd1306_WriteString
                0x080010c4       0x4c ./Core/Src/ssd1306.o
                0x080010c4                ssd1306_WriteString
 .text.ssd1306_SetCursor
                0x08001110       0x30 ./Core/Src/ssd1306.o
                0x08001110                ssd1306_SetCursor
 .text.ssd1306_SetContrast
                0x08001140       0x26 ./Core/Src/ssd1306.o
                0x08001140                ssd1306_SetContrast
 *fill*         0x08001166        0x2 
 .text.ssd1306_SetDisplayOn
                0x08001168       0x3c ./Core/Src/ssd1306.o
                0x08001168                ssd1306_SetDisplayOn
 .text.HAL_MspInit
                0x080011a4       0x50 ./Core/Src/stm32f4xx_hal_msp.o
                0x080011a4                HAL_MspInit
 .text.HAL_ADC_MspInit
                0x080011f4       0x88 ./Core/Src/stm32f4xx_hal_msp.o
                0x080011f4                HAL_ADC_MspInit
 .text.HAL_I2C_MspInit
                0x0800127c       0xd0 ./Core/Src/stm32f4xx_hal_msp.o
                0x0800127c                HAL_I2C_MspInit
 .text.HAL_TIM_Encoder_MspInit
                0x0800134c       0xcc ./Core/Src/stm32f4xx_hal_msp.o
                0x0800134c                HAL_TIM_Encoder_MspInit
 .text.NMI_Handler
                0x08001418        0x8 ./Core/Src/stm32f4xx_it.o
                0x08001418                NMI_Handler
 .text.HardFault_Handler
                0x08001420        0x8 ./Core/Src/stm32f4xx_it.o
                0x08001420                HardFault_Handler
 .text.MemManage_Handler
                0x08001428        0x8 ./Core/Src/stm32f4xx_it.o
                0x08001428                MemManage_Handler
 .text.BusFault_Handler
                0x08001430        0x8 ./Core/Src/stm32f4xx_it.o
                0x08001430                BusFault_Handler
 .text.UsageFault_Handler
                0x08001438        0x8 ./Core/Src/stm32f4xx_it.o
                0x08001438                UsageFault_Handler
 .text.SVC_Handler
                0x08001440        0xe ./Core/Src/stm32f4xx_it.o
                0x08001440                SVC_Handler
 .text.DebugMon_Handler
                0x0800144e        0xe ./Core/Src/stm32f4xx_it.o
                0x0800144e                DebugMon_Handler
 .text.PendSV_Handler
                0x0800145c        0xe ./Core/Src/stm32f4xx_it.o
                0x0800145c                PendSV_Handler
 .text.SysTick_Handler
                0x0800146a        0xc ./Core/Src/stm32f4xx_it.o
                0x0800146a                SysTick_Handler
 *fill*         0x08001476        0x2 
 .text.OTG_FS_IRQHandler
                0x08001478       0x14 ./Core/Src/stm32f4xx_it.o
                0x08001478                OTG_FS_IRQHandler
 .text._sbrk    0x0800148c       0x6c ./Core/Src/sysmem.o
                0x0800148c                _sbrk
 .text.SystemInit
                0x080014f8       0x24 ./Core/Src/system_stm32f4xx.o
                0x080014f8                SystemInit
 .text.Reset_Handler
                0x0800151c       0x50 ./Core/Startup/startup_stm32f401ccux.o
                0x0800151c                Reset_Handler
 .text.Default_Handler
                0x0800156c        0x2 ./Core/Startup/startup_stm32f401ccux.o
                0x0800156c                RTC_Alarm_IRQHandler
                0x0800156c                EXTI2_IRQHandler
                0x0800156c                SPI4_IRQHandler
                0x0800156c                TIM1_CC_IRQHandler
                0x0800156c                DMA2_Stream5_IRQHandler
                0x0800156c                DMA1_Stream5_IRQHandler
                0x0800156c                PVD_IRQHandler
                0x0800156c                SDIO_IRQHandler
                0x0800156c                TAMP_STAMP_IRQHandler
                0x0800156c                EXTI3_IRQHandler
                0x0800156c                TIM1_UP_TIM10_IRQHandler
                0x0800156c                I2C3_ER_IRQHandler
                0x0800156c                EXTI0_IRQHandler
                0x0800156c                I2C2_EV_IRQHandler
                0x0800156c                DMA1_Stream2_IRQHandler
                0x0800156c                FPU_IRQHandler
                0x0800156c                DMA2_Stream2_IRQHandler
                0x0800156c                SPI1_IRQHandler
                0x0800156c                TIM1_BRK_TIM9_IRQHandler
                0x0800156c                DMA2_Stream3_IRQHandler
                0x0800156c                USART6_IRQHandler
                0x0800156c                DMA2_Stream0_IRQHandler
                0x0800156c                TIM4_IRQHandler
                0x0800156c                I2C1_EV_IRQHandler
                0x0800156c                DMA1_Stream6_IRQHandler
                0x0800156c                DMA1_Stream1_IRQHandler
                0x0800156c                TIM3_IRQHandler
                0x0800156c                RCC_IRQHandler
                0x0800156c                Default_Handler
                0x0800156c                EXTI15_10_IRQHandler
                0x0800156c                ADC_IRQHandler
                0x0800156c                DMA1_Stream7_IRQHandler
                0x0800156c                TIM5_IRQHandler
                0x0800156c                DMA2_Stream7_IRQHandler
                0x0800156c                I2C3_EV_IRQHandler
                0x0800156c                EXTI9_5_IRQHandler
                0x0800156c                RTC_WKUP_IRQHandler
                0x0800156c                SPI2_IRQHandler
                0x0800156c                DMA1_Stream0_IRQHandler
                0x0800156c                EXTI4_IRQHandler
                0x0800156c                WWDG_IRQHandler
                0x0800156c                TIM2_IRQHandler
                0x0800156c                OTG_FS_WKUP_IRQHandler
                0x0800156c                TIM1_TRG_COM_TIM11_IRQHandler
                0x0800156c                EXTI1_IRQHandler
                0x0800156c                USART2_IRQHandler
                0x0800156c                I2C2_ER_IRQHandler
                0x0800156c                DMA2_Stream1_IRQHandler
                0x0800156c                FLASH_IRQHandler
                0x0800156c                DMA2_Stream4_IRQHandler
                0x0800156c                USART1_IRQHandler
                0x0800156c                SPI3_IRQHandler
                0x0800156c                DMA1_Stream4_IRQHandler
                0x0800156c                I2C1_ER_IRQHandler
                0x0800156c                DMA2_Stream6_IRQHandler
                0x0800156c                DMA1_Stream3_IRQHandler
 *fill*         0x0800156e        0x2 
 .text.HAL_Init
                0x08001570       0x44 ./Drivers/STM32F4xx_HAL_Driver/Src/stm32f4xx_hal.o
                0x08001570                HAL_Init
 .text.HAL_InitTick
                0x080015b4       0x60 ./Drivers/STM32F4xx_HAL_Driver/Src/stm32f4xx_hal.o
                0x080015b4                HAL_InitTick
 .text.HAL_IncTick
                0x08001614       0x28 ./Drivers/STM32F4xx_HAL_Driver/Src/stm32f4xx_hal.o
                0x08001614                HAL_IncTick
 .text.HAL_GetTick
                0x0800163c       0x18 ./Drivers/STM32F4xx_HAL_Driver/Src/stm32f4xx_hal.o
                0x0800163c                HAL_GetTick
 .text.HAL_Delay
                0x08001654       0x48 ./Drivers/STM32F4xx_HAL_Driver/Src/stm32f4xx_hal.o
                0x08001654                HAL_Delay
 .text.HAL_ADC_Init
                0x0800169c       0x86 ./Drivers/STM32F4xx_HAL_Driver/Src/stm32f4xx_hal_adc.o
                0x0800169c                HAL_ADC_Init
 *fill*         0x08001722        0x2 
 .text.HAL_ADC_Start
                0x08001724      0x168 ./Drivers/STM32F4xx_HAL_Driver/Src/stm32f4xx_hal_adc.o
                0x08001724                HAL_ADC_Start
 .text.HAL_ADC_Stop
                0x0800188c       0x66 ./Drivers/STM32F4xx_HAL_Driver/Src/stm32f4xx_hal_adc.o
                0x0800188c                HAL_ADC_Stop
 .text.HAL_ADC_PollForConversion
                0x080018f2      0x116 ./Drivers/STM32F4xx_HAL_Driver/Src/stm32f4xx_hal_adc.o
                0x080018f2                HAL_ADC_PollForConversion
 .text.HAL_ADC_GetValue
                0x08001a08       0x1a ./Drivers/STM32F4xx_HAL_Driver/Src/stm32f4xx_hal_adc.o
                0x08001a08                HAL_ADC_GetValue
 *fill*         0x08001a22        0x2 
 .text.HAL_ADC_ConfigChannel
                0x08001a24      0x244 ./Drivers/STM32F4xx_HAL_Driver/Src/stm32f4xx_hal_adc.o
                0x08001a24                HAL_ADC_ConfigChannel
 .text.ADC_Init
                0x08001c68      0x1f8 ./Drivers/STM32F4xx_HAL_Driver/Src/stm32f4xx_hal_adc.o
 .text.__NVIC_SetPriorityGrouping
                0x08001e60       0x48 ./Drivers/STM32F4xx_HAL_Driver/Src/stm32f4xx_hal_cortex.o
 .text.__NVIC_GetPriorityGrouping
                0x08001ea8       0x1c ./Drivers/STM32F4xx_HAL_Driver/Src/stm32f4xx_hal_cortex.o
 .text.__NVIC_EnableIRQ
                0x08001ec4       0x3c ./Drivers/STM32F4xx_HAL_Driver/Src/stm32f4xx_hal_cortex.o
 .text.__NVIC_SetPriority
                0x08001f00       0x54 ./Drivers/STM32F4xx_HAL_Driver/Src/stm32f4xx_hal_cortex.o
 .text.NVIC_EncodePriority
                0x08001f54       0x66 ./Drivers/STM32F4xx_HAL_Driver/Src/stm32f4xx_hal_cortex.o
 *fill*         0x08001fba        0x2 
 .text.SysTick_Config
                0x08001fbc       0x44 ./Drivers/STM32F4xx_HAL_Driver/Src/stm32f4xx_hal_cortex.o
 .text.HAL_NVIC_SetPriorityGrouping
                0x08002000       0x16 ./Drivers/STM32F4xx_HAL_Driver/Src/stm32f4xx_hal_cortex.o
                0x08002000                HAL_NVIC_SetPriorityGrouping
 .text.HAL_NVIC_SetPriority
                0x08002016       0x38 ./Drivers/STM32F4xx_HAL_Driver/Src/stm32f4xx_hal_cortex.o
                0x08002016                HAL_NVIC_SetPriority
 .text.HAL_NVIC_EnableIRQ
                0x0800204e       0x1c ./Drivers/STM32F4xx_HAL_Driver/Src/stm32f4xx_hal_cortex.o
                0x0800204e                HAL_NVIC_EnableIRQ
 .text.HAL_SYSTICK_Config
                0x0800206a       0x18 ./Drivers/STM32F4xx_HAL_Driver/Src/stm32f4xx_hal_cortex.o
                0x0800206a                HAL_SYSTICK_Config
 *fill*         0x08002082        0x2 
 .text.HAL_GPIO_Init
                0x08002084      0x308 ./Drivers/STM32F4xx_HAL_Driver/Src/stm32f4xx_hal_gpio.o
                0x08002084                HAL_GPIO_Init
 .text.HAL_GPIO_ReadPin
                0x0800238c       0x30 ./Drivers/STM32F4xx_HAL_Driver/Src/stm32f4xx_hal_gpio.o
                0x0800238c                HAL_GPIO_ReadPin
 .text.HAL_I2C_Init
                0x080023bc      0x288 ./Drivers/STM32F4xx_HAL_Driver/Src/stm32f4xx_hal_i2c.o
                0x080023bc                HAL_I2C_Init
 .text.HAL_I2C_Mem_Write
                0x08002644      0x1f4 ./Drivers/STM32F4xx_HAL_Driver/Src/stm32f4xx_hal_i2c.o
                0x08002644                HAL_I2C_Mem_Write
 .text.I2C_RequestMemoryWrite
                0x08002838      0x12c ./Drivers/STM32F4xx_HAL_Driver/Src/stm32f4xx_hal_i2c.o
 .text.I2C_WaitOnFlagUntilTimeout
                0x08002964       0xae ./Drivers/STM32F4xx_HAL_Driver/Src/stm32f4xx_hal_i2c.o
 .text.I2C_WaitOnMasterAddressFlagUntilTimeout
                0x08002a12       0xfe ./Drivers/STM32F4xx_HAL_Driver/Src/stm32f4xx_hal_i2c.o
 .text.I2C_WaitOnTXEFlagUntilTimeout
                0x08002b10       0x82 ./Drivers/STM32F4xx_HAL_Driver/Src/stm32f4xx_hal_i2c.o
 .text.I2C_WaitOnBTFFlagUntilTimeout
                0x08002b92       0x82 ./Drivers/STM32F4xx_HAL_Driver/Src/stm32f4xx_hal_i2c.o
 .text.I2C_IsAcknowledgeFailed
                0x08002c14       0x5e ./Drivers/STM32F4xx_HAL_Driver/Src/stm32f4xx_hal_i2c.o
 .text.HAL_PCD_Init
                0x08002c72      0x23a ./Drivers/STM32F4xx_HAL_Driver/Src/stm32f4xx_hal_pcd.o
                0x08002c72                HAL_PCD_Init
 .text.HAL_PCD_Start
                0x08002eac       0x66 ./Drivers/STM32F4xx_HAL_Driver/Src/stm32f4xx_hal_pcd.o
                0x08002eac                HAL_PCD_Start
 .text.HAL_PCD_IRQHandler
                0x08002f12      0x93e ./Drivers/STM32F4xx_HAL_Driver/Src/stm32f4xx_hal_pcd.o
                0x08002f12                HAL_PCD_IRQHandler
 .text.HAL_PCD_SetAddress
                0x08003850       0x4a ./Drivers/STM32F4xx_HAL_Driver/Src/stm32f4xx_hal_pcd.o
                0x08003850                HAL_PCD_SetAddress
 .text.HAL_PCD_EP_Open
                0x0800389a       0xd0 ./Drivers/STM32F4xx_HAL_Driver/Src/stm32f4xx_hal_pcd.o
                0x0800389a                HAL_PCD_EP_Open
 .text.HAL_PCD_EP_Close
                0x0800396a       0x94 ./Drivers/STM32F4xx_HAL_Driver/Src/stm32f4xx_hal_pcd.o
                0x0800396a                HAL_PCD_EP_Close
 .text.HAL_PCD_EP_Receive
                0x080039fe       0x96 ./Drivers/STM32F4xx_HAL_Driver/Src/stm32f4xx_hal_pcd.o
                0x080039fe                HAL_PCD_EP_Receive
 .text.HAL_PCD_EP_Transmit
                0x08003a94       0x94 ./Drivers/STM32F4xx_HAL_Driver/Src/stm32f4xx_hal_pcd.o
                0x08003a94                HAL_PCD_EP_Transmit
 .text.HAL_PCD_EP_SetStall
                0x08003b28       0xc8 ./Drivers/STM32F4xx_HAL_Driver/Src/stm32f4xx_hal_pcd.o
                0x08003b28                HAL_PCD_EP_SetStall
 .text.HAL_PCD_EP_ClrStall
                0x08003bf0       0xac ./Drivers/STM32F4xx_HAL_Driver/Src/stm32f4xx_hal_pcd.o
                0x08003bf0                HAL_PCD_EP_ClrStall
 .text.HAL_PCD_EP_Abort
                0x08003c9c       0x62 ./Drivers/STM32F4xx_HAL_Driver/Src/stm32f4xx_hal_pcd.o
                0x08003c9c                HAL_PCD_EP_Abort
 .text.PCD_WriteEmptyTxFifo
                0x08003cfe      0x11a ./Drivers/STM32F4xx_HAL_Driver/Src/stm32f4xx_hal_pcd.o
 .text.PCD_EP_OutXfrComplete_int
                0x08003e18      0x1d0 ./Drivers/STM32F4xx_HAL_Driver/Src/stm32f4xx_hal_pcd.o
 .text.PCD_EP_OutSetupPacket_int
                0x08003fe8       0x8c ./Drivers/STM32F4xx_HAL_Driver/Src/stm32f4xx_hal_pcd.o
 .text.HAL_PCDEx_SetTxFiFo
                0x08004074       0x8e ./Drivers/STM32F4xx_HAL_Driver/Src/stm32f4xx_hal_pcd_ex.o
                0x08004074                HAL_PCDEx_SetTxFiFo
 .text.HAL_PCDEx_SetRxFiFo
                0x08004102       0x22 ./Drivers/STM32F4xx_HAL_Driver/Src/stm32f4xx_hal_pcd_ex.o
                0x08004102                HAL_PCDEx_SetRxFiFo
 .text.HAL_PCDEx_LPM_Callback
                0x08004124       0x18 ./Drivers/STM32F4xx_HAL_Driver/Src/stm32f4xx_hal_pcd_ex.o
                0x08004124                HAL_PCDEx_LPM_Callback
 .text.HAL_RCC_OscConfig
                0x0800413c      0x4f0 ./Drivers/STM32F4xx_HAL_Driver/Src/stm32f4xx_hal_rcc.o
                0x0800413c                HAL_RCC_OscConfig
 .text.HAL_RCC_ClockConfig
                0x0800462c      0x1cc ./Drivers/STM32F4xx_HAL_Driver/Src/stm32f4xx_hal_rcc.o
                0x0800462c                HAL_RCC_ClockConfig
 .text.HAL_RCC_GetSysClockFreq
                0x080047f8      0x18c ./Drivers/STM32F4xx_HAL_Driver/Src/stm32f4xx_hal_rcc.o
                0x080047f8                HAL_RCC_GetSysClockFreq
 .text.HAL_RCC_GetHCLKFreq
                0x08004984       0x18 ./Drivers/STM32F4xx_HAL_Driver/Src/stm32f4xx_hal_rcc.o
                0x08004984                HAL_RCC_GetHCLKFreq
 .text.HAL_RCC_GetPCLK1Freq
                0x0800499c       0x28 ./Drivers/STM32F4xx_HAL_Driver/Src/stm32f4xx_hal_rcc.o
                0x0800499c                HAL_RCC_GetPCLK1Freq
 .text.HAL_TIM_Encoder_Init
                0x080049c4      0x14c ./Drivers/STM32F4xx_HAL_Driver/Src/stm32f4xx_hal_tim.o
                0x080049c4                HAL_TIM_Encoder_Init
 .text.HAL_TIM_Encoder_Start
                0x08004b10      0x11c ./Drivers/STM32F4xx_HAL_Driver/Src/stm32f4xx_hal_tim.o
                0x08004b10                HAL_TIM_Encoder_Start
 .text.TIM_Base_SetConfig
                0x08004c2c      0x100 ./Drivers/STM32F4xx_HAL_Driver/Src/stm32f4xx_hal_tim.o
                0x08004c2c                TIM_Base_SetConfig
 .text.TIM_CCxChannelCmd
                0x08004d2c       0x4a ./Drivers/STM32F4xx_HAL_Driver/Src/stm32f4xx_hal_tim.o
                0x08004d2c                TIM_CCxChannelCmd
 *fill*         0x08004d76        0x2 
 .text.HAL_TIMEx_MasterConfigSynchronization
                0x08004d78       0xdc ./Drivers/STM32F4xx_HAL_Driver/Src/stm32f4xx_hal_tim_ex.o
                0x08004d78                HAL_TIMEx_MasterConfigSynchronization
 .text.USB_CoreInit
                0x08004e54       0xc2 ./Drivers/STM32F4xx_HAL_Driver/Src/stm32f4xx_ll_usb.o
                0x08004e54                USB_CoreInit
 *fill*         0x08004f16        0x2 
 .text.USB_SetTurnaroundTime
                0x08004f18      0x144 ./Drivers/STM32F4xx_HAL_Driver/Src/stm32f4xx_ll_usb.o
                0x08004f18                USB_SetTurnaroundTime
 .text.USB_EnableGlobalInt
                0x0800505c       0x22 ./Drivers/STM32F4xx_HAL_Driver/Src/stm32f4xx_ll_usb.o
                0x0800505c                USB_EnableGlobalInt
 .text.USB_DisableGlobalInt
                0x0800507e       0x22 ./Drivers/STM32F4xx_HAL_Driver/Src/stm32f4xx_ll_usb.o
                0x0800507e                USB_DisableGlobalInt
 .text.USB_SetCurrentMode
                0x080050a0       0x98 ./Drivers/STM32F4xx_HAL_Driver/Src/stm32f4xx_ll_usb.o
                0x080050a0                USB_SetCurrentMode
 .text.USB_DevInit
                0x08005138      0x2c8 ./Drivers/STM32F4xx_HAL_Driver/Src/stm32f4xx_ll_usb.o
                0x08005138                USB_DevInit
 .text.USB_FlushTxFifo
                0x08005400       0x68 ./Drivers/STM32F4xx_HAL_Driver/Src/stm32f4xx_ll_usb.o
                0x08005400                USB_FlushTxFifo
 .text.USB_FlushRxFifo
                0x08005468       0x60 ./Drivers/STM32F4xx_HAL_Driver/Src/stm32f4xx_ll_usb.o
                0x08005468                USB_FlushRxFifo
 .text.USB_SetDevSpeed
                0x080054c8       0x32 ./Drivers/STM32F4xx_HAL_Driver/Src/stm32f4xx_ll_usb.o
                0x080054c8                USB_SetDevSpeed
 .text.USB_GetDevSpeed
                0x080054fa       0x4a ./Drivers/STM32F4xx_HAL_Driver/Src/stm32f4xx_ll_usb.o
                0x080054fa                USB_GetDevSpeed
 .text.USB_ActivateEndpoint
                0x08005544      0x10e ./Drivers/STM32F4xx_HAL_Driver/Src/stm32f4xx_ll_usb.o
                0x08005544                USB_ActivateEndpoint
 *fill*         0x08005652        0x2 
 .text.USB_DeactivateEndpoint
                0x08005654      0x1b8 ./Drivers/STM32F4xx_HAL_Driver/Src/stm32f4xx_ll_usb.o
                0x08005654                USB_DeactivateEndpoint
 .text.USB_EPStartXfer
                0x0800580c      0x490 ./Drivers/STM32F4xx_HAL_Driver/Src/stm32f4xx_ll_usb.o
                0x0800580c                USB_EPStartXfer
 .text.USB_EP0StartXfer
                0x08005c9c      0x2b0 ./Drivers/STM32F4xx_HAL_Driver/Src/stm32f4xx_ll_usb.o
                0x08005c9c                USB_EP0StartXfer
 .text.USB_EPStopXfer
                0x08005f4c      0x154 ./Drivers/STM32F4xx_HAL_Driver/Src/stm32f4xx_ll_usb.o
                0x08005f4c                USB_EPStopXfer
 .text.USB_WritePacket
                0x080060a0       0x7c ./Drivers/STM32F4xx_HAL_Driver/Src/stm32f4xx_ll_usb.o
                0x080060a0                USB_WritePacket
 .text.USB_ReadPacket
                0x0800611c       0xb0 ./Drivers/STM32F4xx_HAL_Driver/Src/stm32f4xx_ll_usb.o
                0x0800611c                USB_ReadPacket
 .text.USB_EPSetStall
                0x080061cc       0xdc ./Drivers/STM32F4xx_HAL_Driver/Src/stm32f4xx_ll_usb.o
                0x080061cc                USB_EPSetStall
 .text.USB_EPClearStall
                0x080062a8       0xcc ./Drivers/STM32F4xx_HAL_Driver/Src/stm32f4xx_ll_usb.o
                0x080062a8                USB_EPClearStall
 .text.USB_SetDevAddress
                0x08006374       0x4c ./Drivers/STM32F4xx_HAL_Driver/Src/stm32f4xx_ll_usb.o
                0x08006374                USB_SetDevAddress
 .text.USB_DevConnect
                0x080063c0       0x42 ./Drivers/STM32F4xx_HAL_Driver/Src/stm32f4xx_ll_usb.o
                0x080063c0                USB_DevConnect
 .text.USB_DevDisconnect
                0x08006402       0x42 ./Drivers/STM32F4xx_HAL_Driver/Src/stm32f4xx_ll_usb.o
                0x08006402                USB_DevDisconnect
 .text.USB_ReadInterrupts
                0x08006444       0x26 ./Drivers/STM32F4xx_HAL_Driver/Src/stm32f4xx_ll_usb.o
                0x08006444                USB_ReadInterrupts
 .text.USB_ReadDevAllOutEpInterrupt
                0x0800646a       0x34 ./Drivers/STM32F4xx_HAL_Driver/Src/stm32f4xx_ll_usb.o
                0x0800646a                USB_ReadDevAllOutEpInterrupt
 .text.USB_ReadDevAllInEpInterrupt
                0x0800649e       0x34 ./Drivers/STM32F4xx_HAL_Driver/Src/stm32f4xx_ll_usb.o
                0x0800649e                USB_ReadDevAllInEpInterrupt
 .text.USB_ReadDevOutEPInterrupt
                0x080064d2       0x3c ./Drivers/STM32F4xx_HAL_Driver/Src/stm32f4xx_ll_usb.o
                0x080064d2                USB_ReadDevOutEPInterrupt
 .text.USB_ReadDevInEPInterrupt
                0x0800650e       0x5c ./Drivers/STM32F4xx_HAL_Driver/Src/stm32f4xx_ll_usb.o
                0x0800650e                USB_ReadDevInEPInterrupt
 .text.USB_GetMode
                0x0800656a       0x1c ./Drivers/STM32F4xx_HAL_Driver/Src/stm32f4xx_ll_usb.o
                0x0800656a                USB_GetMode
 .text.USB_ActivateSetup
                0x08006586       0x46 ./Drivers/STM32F4xx_HAL_Driver/Src/stm32f4xx_ll_usb.o
                0x08006586                USB_ActivateSetup
 .text.USB_EP0_OutStart
                0x080065cc       0xbc ./Drivers/STM32F4xx_HAL_Driver/Src/stm32f4xx_ll_usb.o
                0x080065cc                USB_EP0_OutStart
 .text.USB_CoreReset
                0x08006688       0x68 ./Drivers/STM32F4xx_HAL_Driver/Src/stm32f4xx_ll_usb.o
 .text.USBD_CUSTOM_HID_Init
                0x080066f0      0x158 ./Middlewares/ST/STM32_USB_Device_Library/Class/CustomHID/Src/usbd_customhid.o
 .text.USBD_CUSTOM_HID_DeInit
                0x08006848       0xf4 ./Middlewares/ST/STM32_USB_Device_Library/Class/CustomHID/Src/usbd_customhid.o
 .text.USBD_CUSTOM_HID_Setup
                0x0800693c      0x234 ./Middlewares/ST/STM32_USB_Device_Library/Class/CustomHID/Src/usbd_customhid.o
 .text.USBD_CUSTOM_HID_SendReport
                0x08006b70       0x74 ./Middlewares/ST/STM32_USB_Device_Library/Class/CustomHID/Src/usbd_customhid.o
                0x08006b70                USBD_CUSTOM_HID_SendReport
 .text.USBD_CUSTOM_HID_GetFSCfgDesc
                0x08006be4       0x64 ./Middlewares/ST/STM32_USB_Device_Library/Class/CustomHID/Src/usbd_customhid.o
 .text.USBD_CUSTOM_HID_GetHSCfgDesc
                0x08006c48       0x64 ./Middlewares/ST/STM32_USB_Device_Library/Class/CustomHID/Src/usbd_customhid.o
 .text.USBD_CUSTOM_HID_GetOtherSpeedCfgDesc
                0x08006cac       0x64 ./Middlewares/ST/STM32_USB_Device_Library/Class/CustomHID/Src/usbd_customhid.o
 .text.USBD_CUSTOM_HID_DataIn
                0x08006d10       0x2e ./Middlewares/ST/STM32_USB_Device_Library/Class/CustomHID/Src/usbd_customhid.o
 .text.USBD_CUSTOM_HID_DataOut
                0x08006d3e       0x5a ./Middlewares/ST/STM32_USB_Device_Library/Class/CustomHID/Src/usbd_customhid.o
 .text.USBD_CUSTOM_HID_ReceivePacket
                0x08006d98       0x4c ./Middlewares/ST/STM32_USB_Device_Library/Class/CustomHID/Src/usbd_customhid.o
                0x08006d98                USBD_CUSTOM_HID_ReceivePacket
 .text.USBD_CUSTOM_HID_EP0_RxReady
                0x08006de4       0x58 ./Middlewares/ST/STM32_USB_Device_Library/Class/CustomHID/Src/usbd_customhid.o
 .text.USBD_CUSTOM_HID_GetDeviceQualifierDesc
                0x08006e3c       0x20 ./Middlewares/ST/STM32_USB_Device_Library/Class/CustomHID/Src/usbd_customhid.o
 .text.USBD_CUSTOM_HID_RegisterInterface
                0x08006e5c       0x34 ./Middlewares/ST/STM32_USB_Device_Library/Class/CustomHID/Src/usbd_customhid.o
                0x08006e5c                USBD_CUSTOM_HID_RegisterInterface
 .text.USBD_Init
                0x08006e90       0x60 ./Middlewares/ST/STM32_USB_Device_Library/Core/Src/usbd_core.o
                0x08006e90                USBD_Init
 .text.USBD_RegisterClass
                0x08006ef0       0x6c ./Middlewares/ST/STM32_USB_Device_Library/Core/Src/usbd_core.o
                0x08006ef0                USBD_RegisterClass
 .text.USBD_Start
                0x08006f5c       0x18 ./Middlewares/ST/STM32_USB_Device_Library/Core/Src/usbd_core.o
                0x08006f5c                USBD_Start
 .text.USBD_RunTestMode
                0x08006f74       0x16 ./Middlewares/ST/STM32_USB_Device_Library/Core/Src/usbd_core.o
                0x08006f74                USBD_RunTestMode
 .text.USBD_SetClassConfig
                0x08006f8a       0x38 ./Middlewares/ST/STM32_USB_Device_Library/Core/Src/usbd_core.o
                0x08006f8a                USBD_SetClassConfig
 .text.USBD_ClrClassConfig
                0x08006fc2       0x34 ./Middlewares/ST/STM32_USB_Device_Library/Core/Src/usbd_core.o
                0x08006fc2                USBD_ClrClassConfig
 .text.USBD_LL_SetupStage
                0x08006ff6       0xaa ./Middlewares/ST/STM32_USB_Device_Library/Core/Src/usbd_core.o
                0x08006ff6                USBD_LL_SetupStage
 .text.USBD_LL_DataOutStage
                0x080070a0      0x166 ./Middlewares/ST/STM32_USB_Device_Library/Core/Src/usbd_core.o
                0x080070a0                USBD_LL_DataOutStage
 .text.USBD_LL_DataInStage
                0x08007206      0x164 ./Middlewares/ST/STM32_USB_Device_Library/Core/Src/usbd_core.o
                0x08007206                USBD_LL_DataInStage
 .text.USBD_LL_Reset
                0x0800736a       0xa4 ./Middlewares/ST/STM32_USB_Device_Library/Core/Src/usbd_core.o
                0x0800736a                USBD_LL_Reset
 .text.USBD_LL_SetSpeed
                0x0800740e       0x20 ./Middlewares/ST/STM32_USB_Device_Library/Core/Src/usbd_core.o
                0x0800740e                USBD_LL_SetSpeed
 .text.USBD_LL_Suspend
                0x0800742e       0x2c ./Middlewares/ST/STM32_USB_Device_Library/Core/Src/usbd_core.o
                0x0800742e                USBD_LL_Suspend
 .text.USBD_LL_Resume
                0x0800745a       0x30 ./Middlewares/ST/STM32_USB_Device_Library/Core/Src/usbd_core.o
                0x0800745a                USBD_LL_Resume
 .text.USBD_LL_SOF
                0x0800748a       0x40 ./Middlewares/ST/STM32_USB_Device_Library/Core/Src/usbd_core.o
                0x0800748a                USBD_LL_SOF
 .text.USBD_LL_IsoINIncomplete
                0x080074ca       0x64 ./Middlewares/ST/STM32_USB_Device_Library/Core/Src/usbd_core.o
                0x080074ca                USBD_LL_IsoINIncomplete
 .text.USBD_LL_IsoOUTIncomplete
                0x0800752e       0x64 ./Middlewares/ST/STM32_USB_Device_Library/Core/Src/usbd_core.o
                0x0800752e                USBD_LL_IsoOUTIncomplete
 .text.USBD_LL_DevConnected
                0x08007592       0x16 ./Middlewares/ST/STM32_USB_Device_Library/Core/Src/usbd_core.o
                0x08007592                USBD_LL_DevConnected
 .text.USBD_LL_DevDisconnected
                0x080075a8       0x46 ./Middlewares/ST/STM32_USB_Device_Library/Core/Src/usbd_core.o
                0x080075a8                USBD_LL_DevDisconnected
 .text.USBD_CoreFindIF
                0x080075ee       0x1a ./Middlewares/ST/STM32_USB_Device_Library/Core/Src/usbd_core.o
                0x080075ee                USBD_CoreFindIF
 .text.USBD_CoreFindEP
                0x08007608       0x1a ./Middlewares/ST/STM32_USB_Device_Library/Core/Src/usbd_core.o
                0x08007608                USBD_CoreFindEP
 .text.USBD_GetEpDesc
                0x08007622       0x70 ./Middlewares/ST/STM32_USB_Device_Library/Core/Src/usbd_core.o
                0x08007622                USBD_GetEpDesc
 .text.USBD_GetNextDesc
                0x08007692       0x38 ./Middlewares/ST/STM32_USB_Device_Library/Core/Src/usbd_core.o
                0x08007692                USBD_GetNextDesc
 .text.SWAPBYTE
                0x080076ca       0x3c ./Middlewares/ST/STM32_USB_Device_Library/Core/Src/usbd_ctlreq.o
 *fill*         0x08007706        0x2 
 .text.USBD_StdDevReq
                0x08007708       0xe4 ./Middlewares/ST/STM32_USB_Device_Library/Core/Src/usbd_ctlreq.o
                0x08007708                USBD_StdDevReq
 .text.USBD_StdItfReq
                0x080077ec       0xd8 ./Middlewares/ST/STM32_USB_Device_Library/Core/Src/usbd_ctlreq.o
                0x080077ec                USBD_StdItfReq
 .text.USBD_StdEPReq
                0x080078c4      0x33a ./Middlewares/ST/STM32_USB_Device_Library/Core/Src/usbd_ctlreq.o
                0x080078c4                USBD_StdEPReq
 *fill*         0x08007bfe        0x2 
 .text.USBD_GetDescriptor
                0x08007c00      0x2d4 ./Middlewares/ST/STM32_USB_Device_Library/Core/Src/usbd_ctlreq.o
 .text.USBD_SetAddress
                0x08007ed4       0x88 ./Middlewares/ST/STM32_USB_Device_Library/Core/Src/usbd_ctlreq.o
 .text.USBD_SetConfig
                0x08007f5c      0x154 ./Middlewares/ST/STM32_USB_Device_Library/Core/Src/usbd_ctlreq.o
 .text.USBD_GetConfig
                0x080080b0       0x6c ./Middlewares/ST/STM32_USB_Device_Library/Core/Src/usbd_ctlreq.o
 .text.USBD_GetStatus
                0x0800811c       0x68 ./Middlewares/ST/STM32_USB_Device_Library/Core/Src/usbd_ctlreq.o
 .text.USBD_SetFeature
                0x08008184       0x52 ./Middlewares/ST/STM32_USB_Device_Library/Core/Src/usbd_ctlreq.o
 .text.USBD_ClrFeature
                0x080081d6       0x44 ./Middlewares/ST/STM32_USB_Device_Library/Core/Src/usbd_ctlreq.o
 .text.USBD_ParseSetupRequest
                0x0800821a       0x74 ./Middlewares/ST/STM32_USB_Device_Library/Core/Src/usbd_ctlreq.o
                0x0800821a                USBD_ParseSetupRequest
 .text.USBD_CtlError
                0x0800828e       0x22 ./Middlewares/ST/STM32_USB_Device_Library/Core/Src/usbd_ctlreq.o
                0x0800828e                USBD_CtlError
 .text.USBD_GetString
                0x080082b0       0x8c ./Middlewares/ST/STM32_USB_Device_Library/Core/Src/usbd_ctlreq.o
                0x080082b0                USBD_GetString
 .text.USBD_GetLen
                0x0800833c       0x34 ./Middlewares/ST/STM32_USB_Device_Library/Core/Src/usbd_ctlreq.o
 .text.USBD_CtlSendData
                0x08008370       0x36 ./Middlewares/ST/STM32_USB_Device_Library/Core/Src/usbd_ioreq.o
                0x08008370                USBD_CtlSendData
 .text.USBD_CtlContinueSendData
                0x080083a6       0x22 ./Middlewares/ST/STM32_USB_Device_Library/Core/Src/usbd_ioreq.o
                0x080083a6                USBD_CtlContinueSendData
 .text.USBD_CtlPrepareRx
                0x080083c8       0x3a ./Middlewares/ST/STM32_USB_Device_Library/Core/Src/usbd_ioreq.o
                0x080083c8                USBD_CtlPrepareRx
 .text.USBD_CtlContinueRx
                0x08008402       0x22 ./Middlewares/ST/STM32_USB_Device_Library/Core/Src/usbd_ioreq.o
                0x08008402                USBD_CtlContinueRx
 .text.USBD_CtlSendStatus
                0x08008424       0x26 ./Middlewares/ST/STM32_USB_Device_Library/Core/Src/usbd_ioreq.o
                0x08008424                USBD_CtlSendStatus
 .text.USBD_CtlReceiveStatus
                0x0800844a       0x26 ./Middlewares/ST/STM32_USB_Device_Library/Core/Src/usbd_ioreq.o
                0x0800844a                USBD_CtlReceiveStatus
 .text.MX_USB_DEVICE_Init
                0x08008470       0x60 ./USB_DEVICE/App/usb_device.o
                0x08008470                MX_USB_DEVICE_Init
 .text.CUSTOM_HID_Init_FS
                0x080084d0       0x10 ./USB_DEVICE/App/usbd_custom_hid_if.o
 .text.CUSTOM_HID_DeInit_FS
                0x080084e0       0x10 ./USB_DEVICE/App/usbd_custom_hid_if.o
 .text.CUSTOM_HID_OutEvent_FS
                0x080084f0       0x30 ./USB_DEVICE/App/usbd_custom_hid_if.o
 .text.USBD_FS_DeviceDescriptor
                0x08008520       0x24 ./USB_DEVICE/App/usbd_desc.o
                0x08008520                USBD_FS_DeviceDescriptor
 .text.USBD_FS_LangIDStrDescriptor
                0x08008544       0x24 ./USB_DEVICE/App/usbd_desc.o
                0x08008544                USBD_FS_LangIDStrDescriptor
 .text.USBD_FS_ProductStrDescriptor
                0x08008568       0x3c ./USB_DEVICE/App/usbd_desc.o
                0x08008568                USBD_FS_ProductStrDescriptor
 .text.USBD_FS_ManufacturerStrDescriptor
                0x080085a4       0x28 ./USB_DEVICE/App/usbd_desc.o
                0x080085a4                USBD_FS_ManufacturerStrDescriptor
 .text.USBD_FS_SerialStrDescriptor
                0x080085cc       0x24 ./USB_DEVICE/App/usbd_desc.o
                0x080085cc                USBD_FS_SerialStrDescriptor
 .text.USBD_FS_ConfigStrDescriptor
                0x080085f0       0x3c ./USB_DEVICE/App/usbd_desc.o
                0x080085f0                USBD_FS_ConfigStrDescriptor
 .text.USBD_FS_InterfaceStrDescriptor
                0x0800862c       0x3c ./USB_DEVICE/App/usbd_desc.o
                0x0800862c                USBD_FS_InterfaceStrDescriptor
 .text.Get_SerialNum
                0x08008668       0x58 ./USB_DEVICE/App/usbd_desc.o
 .text.IntToUnicode
                0x080086c0       0x7e ./USB_DEVICE/App/usbd_desc.o
 *fill*         0x0800873e        0x2 
 .text.HAL_PCD_MspInit
                0x08008740       0xa8 ./USB_DEVICE/Target/usbd_conf.o
                0x08008740                HAL_PCD_MspInit
 .text.HAL_PCD_SetupStageCallback
                0x080087e8       0x24 ./USB_DEVICE/Target/usbd_conf.o
                0x080087e8                HAL_PCD_SetupStageCallback
 .text.HAL_PCD_DataOutStageCallback
                0x0800880c       0x36 ./USB_DEVICE/Target/usbd_conf.o
                0x0800880c                HAL_PCD_DataOutStageCallback
 .text.HAL_PCD_DataInStageCallback
                0x08008842       0x34 ./USB_DEVICE/Target/usbd_conf.o
                0x08008842                HAL_PCD_DataInStageCallback
 .text.HAL_PCD_SOFCallback
                0x08008876       0x1c ./USB_DEVICE/Target/usbd_conf.o
                0x08008876                HAL_PCD_SOFCallback
 .text.HAL_PCD_ResetCallback
                0x08008892       0x3c ./USB_DEVICE/Target/usbd_conf.o
                0x08008892                HAL_PCD_ResetCallback
 *fill*         0x080088ce        0x2 
 .text.HAL_PCD_SuspendCallback
                0x080088d0       0x4c ./USB_DEVICE/Target/usbd_conf.o
                0x080088d0                HAL_PCD_SuspendCallback
 .text.HAL_PCD_ResumeCallback
                0x0800891c       0x1c ./USB_DEVICE/Target/usbd_conf.o
                0x0800891c                HAL_PCD_ResumeCallback
 .text.HAL_PCD_ISOOUTIncompleteCallback
                0x08008938       0x24 ./USB_DEVICE/Target/usbd_conf.o
                0x08008938                HAL_PCD_ISOOUTIncompleteCallback
 .text.HAL_PCD_ISOINIncompleteCallback
                0x0800895c       0x24 ./USB_DEVICE/Target/usbd_conf.o
                0x0800895c                HAL_PCD_ISOINIncompleteCallback
 .text.HAL_PCD_ConnectCallback
                0x08008980       0x1c ./USB_DEVICE/Target/usbd_conf.o
                0x08008980                HAL_PCD_ConnectCallback
 .text.HAL_PCD_DisconnectCallback
                0x0800899c       0x1c ./USB_DEVICE/Target/usbd_conf.o
                0x0800899c                HAL_PCD_DisconnectCallback
 .text.USBD_LL_Init
                0x080089b8       0x98 ./USB_DEVICE/Target/usbd_conf.o
                0x080089b8                USBD_LL_Init
 .text.USBD_LL_Start
                0x08008a50       0x36 ./USB_DEVICE/Target/usbd_conf.o
                0x08008a50                USBD_LL_Start
 .text.USBD_LL_OpenEP
                0x08008a86       0x4c ./USB_DEVICE/Target/usbd_conf.o
                0x08008a86                USBD_LL_OpenEP
 .text.USBD_LL_CloseEP
                0x08008ad2       0x3e ./USB_DEVICE/Target/usbd_conf.o
                0x08008ad2                USBD_LL_CloseEP
 .text.USBD_LL_StallEP
                0x08008b10       0x3e ./USB_DEVICE/Target/usbd_conf.o
                0x08008b10                USBD_LL_StallEP
 .text.USBD_LL_ClearStallEP
                0x08008b4e       0x3e ./USB_DEVICE/Target/usbd_conf.o
                0x08008b4e                USBD_LL_ClearStallEP
 .text.USBD_LL_IsStallEP
                0x08008b8c       0x58 ./USB_DEVICE/Target/usbd_conf.o
                0x08008b8c                USBD_LL_IsStallEP
 .text.USBD_LL_SetUSBAddress
                0x08008be4       0x3e ./USB_DEVICE/Target/usbd_conf.o
                0x08008be4                USBD_LL_SetUSBAddress
 .text.USBD_LL_Transmit
                0x08008c22       0x42 ./USB_DEVICE/Target/usbd_conf.o
                0x08008c22                USBD_LL_Transmit
 .text.USBD_LL_PrepareReceive
                0x08008c64       0x42 ./USB_DEVICE/Target/usbd_conf.o
                0x08008c64                USBD_LL_PrepareReceive
 *fill*         0x08008ca6        0x2 
 .text.USBD_static_malloc
                0x08008ca8       0x1c ./USB_DEVICE/Target/usbd_conf.o
                0x08008ca8                USBD_static_malloc
 .text.USBD_static_free
                0x08008cc4       0x14 ./USB_DEVICE/Target/usbd_conf.o
                0x08008cc4                USBD_static_free
 .text.USBD_Get_USB_Status
                0x08008cd8       0x58 ./USB_DEVICE/Target/usbd_conf.o
                0x08008cd8                USBD_Get_USB_Status
 .text.sprintf  0x08008d30       0x40 C:/ST/STM32CubeIDE_1.15.1/STM32CubeIDE/plugins/com.st.stm32cube.ide.mcu.externaltools.gnu-tools-for-stm32.12.3.rel1.win32_1.0.100.202403111256/tools/bin/../lib/gcc/arm-none-eabi/12.3.1/../../../../arm-none-eabi/lib/thumb/v7e-m+fp/hard\libc_nano.a(libc_a-sprintf.o)
                0x08008d30                siprintf
                0x08008d30                sprintf
 .text.memmove  0x08008d70       0x34 C:/ST/STM32CubeIDE_1.15.1/STM32CubeIDE/plugins/com.st.stm32cube.ide.mcu.externaltools.gnu-tools-for-stm32.12.3.rel1.win32_1.0.100.202403111256/tools/bin/../lib/gcc/arm-none-eabi/12.3.1/../../../../arm-none-eabi/lib/thumb/v7e-m+fp/hard\libc_nano.a(libc_a-memmove.o)
                0x08008d70                memmove
 .text.memset   0x08008da4       0x10 C:/ST/STM32CubeIDE_1.15.1/STM32CubeIDE/plugins/com.st.stm32cube.ide.mcu.externaltools.gnu-tools-for-stm32.12.3.rel1.win32_1.0.100.202403111256/tools/bin/../lib/gcc/arm-none-eabi/12.3.1/../../../../arm-none-eabi/lib/thumb/v7e-m+fp/hard\libc_nano.a(libc_a-memset.o)
                0x08008da4                memset
 .text.__errno  0x08008db4        0xc C:/ST/STM32CubeIDE_1.15.1/STM32CubeIDE/plugins/com.st.stm32cube.ide.mcu.externaltools.gnu-tools-for-stm32.12.3.rel1.win32_1.0.100.202403111256/tools/bin/../lib/gcc/arm-none-eabi/12.3.1/../../../../arm-none-eabi/lib/thumb/v7e-m+fp/hard\libc_nano.a(libc_a-errno.o)
                0x08008db4                __errno
 .text.__libc_init_array
                0x08008dc0       0x48 C:/ST/STM32CubeIDE_1.15.1/STM32CubeIDE/plugins/com.st.stm32cube.ide.mcu.externaltools.gnu-tools-for-stm32.12.3.rel1.win32_1.0.100.202403111256/tools/bin/../lib/gcc/arm-none-eabi/12.3.1/../../../../arm-none-eabi/lib/thumb/v7e-m+fp/hard\libc_nano.a(libc_a-init.o)
                0x08008dc0                __libc_init_array
 .text.__retarget_lock_acquire_recursive
                0x08008e08        0x2 C:/ST/STM32CubeIDE_1.15.1/STM32CubeIDE/plugins/com.st.stm32cube.ide.mcu.externaltools.gnu-tools-for-stm32.12.3.rel1.win32_1.0.100.202403111256/tools/bin/../lib/gcc/arm-none-eabi/12.3.1/../../../../arm-none-eabi/lib/thumb/v7e-m+fp/hard\libc_nano.a(libc_a-lock.o)
                0x08008e08                __retarget_lock_acquire_recursive
 .text.__retarget_lock_release_recursive
                0x08008e0a        0x2 C:/ST/STM32CubeIDE_1.15.1/STM32CubeIDE/plugins/com.st.stm32cube.ide.mcu.externaltools.gnu-tools-for-stm32.12.3.rel1.win32_1.0.100.202403111256/tools/bin/../lib/gcc/arm-none-eabi/12.3.1/../../../../arm-none-eabi/lib/thumb/v7e-m+fp/hard\libc_nano.a(libc_a-lock.o)
                0x08008e0a                __retarget_lock_release_recursive
 .text.memcpy   0x08008e0c       0x1c C:/ST/STM32CubeIDE_1.15.1/STM32CubeIDE/plugins/com.st.stm32cube.ide.mcu.externaltools.gnu-tools-for-stm32.12.3.rel1.win32_1.0.100.202403111256/tools/bin/../lib/gcc/arm-none-eabi/12.3.1/../../../../arm-none-eabi/lib/thumb/v7e-m+fp/hard\libc_nano.a(libc_a-memcpy-stub.o)
                0x08008e0c                memcpy
 .text._free_r  0x08008e28       0x94 C:/ST/STM32CubeIDE_1.15.1/STM32CubeIDE/plugins/com.st.stm32cube.ide.mcu.externaltools.gnu-tools-for-stm32.12.3.rel1.win32_1.0.100.202403111256/tools/bin/../lib/gcc/arm-none-eabi/12.3.1/../../../../arm-none-eabi/lib/thumb/v7e-m+fp/hard\libc_nano.a(libc_a-freer.o)
                0x08008e28                _free_r
 .text.sbrk_aligned
                0x08008ebc       0x44 C:/ST/STM32CubeIDE_1.15.1/STM32CubeIDE/plugins/com.st.stm32cube.ide.mcu.externaltools.gnu-tools-for-stm32.12.3.rel1.win32_1.0.100.202403111256/tools/bin/../lib/gcc/arm-none-eabi/12.3.1/../../../../arm-none-eabi/lib/thumb/v7e-m+fp/hard\libc_nano.a(libc_a-mallocr.o)
 .text._malloc_r
                0x08008f00      0x100 C:/ST/STM32CubeIDE_1.15.1/STM32CubeIDE/plugins/com.st.stm32cube.ide.mcu.externaltools.gnu-tools-for-stm32.12.3.rel1.win32_1.0.100.202403111256/tools/bin/../lib/gcc/arm-none-eabi/12.3.1/../../../../arm-none-eabi/lib/thumb/v7e-m+fp/hard\libc_nano.a(libc_a-mallocr.o)
                0x08008f00                _malloc_r
 .text.__malloc_lock
                0x08009000        0xc C:/ST/STM32CubeIDE_1.15.1/STM32CubeIDE/plugins/com.st.stm32cube.ide.mcu.externaltools.gnu-tools-for-stm32.12.3.rel1.win32_1.0.100.202403111256/tools/bin/../lib/gcc/arm-none-eabi/12.3.1/../../../../arm-none-eabi/lib/thumb/v7e-m+fp/hard\libc_nano.a(libc_a-mlock.o)
                0x08009000                __malloc_lock
 .text.__malloc_unlock
                0x0800900c        0xc C:/ST/STM32CubeIDE_1.15.1/STM32CubeIDE/plugins/com.st.stm32cube.ide.mcu.externaltools.gnu-tools-for-stm32.12.3.rel1.win32_1.0.100.202403111256/tools/bin/../lib/gcc/arm-none-eabi/12.3.1/../../../../arm-none-eabi/lib/thumb/v7e-m+fp/hard\libc_nano.a(libc_a-mlock.o)
                0x0800900c                __malloc_unlock
 .text.__ssputs_r
                0x08009018       0xb6 C:/ST/STM32CubeIDE_1.15.1/STM32CubeIDE/plugins/com.st.stm32cube.ide.mcu.externaltools.gnu-tools-for-stm32.12.3.rel1.win32_1.0.100.202403111256/tools/bin/../lib/gcc/arm-none-eabi/12.3.1/../../../../arm-none-eabi/lib/thumb/v7e-m+fp/hard\libc_nano.a(libc_a-nano-svfprintf.o)
                0x08009018                __ssputs_r
 *fill*         0x080090ce        0x2 
 .text._svfprintf_r
                0x080090d0      0x1f8 C:/ST/STM32CubeIDE_1.15.1/STM32CubeIDE/plugins/com.st.stm32cube.ide.mcu.externaltools.gnu-tools-for-stm32.12.3.rel1.win32_1.0.100.202403111256/tools/bin/../lib/gcc/arm-none-eabi/12.3.1/../../../../arm-none-eabi/lib/thumb/v7e-m+fp/hard\libc_nano.a(libc_a-nano-svfprintf.o)
                0x080090d0                _svfiprintf_r
                0x080090d0                _svfprintf_r
 .text._printf_common
                0x080092c8       0xda C:/ST/STM32CubeIDE_1.15.1/STM32CubeIDE/plugins/com.st.stm32cube.ide.mcu.externaltools.gnu-tools-for-stm32.12.3.rel1.win32_1.0.100.202403111256/tools/bin/../lib/gcc/arm-none-eabi/12.3.1/../../../../arm-none-eabi/lib/thumb/v7e-m+fp/hard\libc_nano.a(libc_a-nano-vfprintf_i.o)
                0x080092c8                _printf_common
 *fill*         0x080093a2        0x2 
 .text._printf_i
                0x080093a4      0x240 C:/ST/STM32CubeIDE_1.15.1/STM32CubeIDE/plugins/com.st.stm32cube.ide.mcu.externaltools.gnu-tools-for-stm32.12.3.rel1.win32_1.0.100.202403111256/tools/bin/../lib/gcc/arm-none-eabi/12.3.1/../../../../arm-none-eabi/lib/thumb/v7e-m+fp/hard\libc_nano.a(libc_a-nano-vfprintf_i.o)
                0x080093a4                _printf_i
 .text._sbrk_r  0x080095e4       0x20 C:/ST/STM32CubeIDE_1.15.1/STM32CubeIDE/plugins/com.st.stm32cube.ide.mcu.externaltools.gnu-tools-for-stm32.12.3.rel1.win32_1.0.100.202403111256/tools/bin/../lib/gcc/arm-none-eabi/12.3.1/../../../../arm-none-eabi/lib/thumb/v7e-m+fp/hard\libc_nano.a(libc_a-sbrkr.o)
                0x080095e4                _sbrk_r
 .text._realloc_r
                0x08009604       0x5c C:/ST/STM32CubeIDE_1.15.1/STM32CubeIDE/plugins/com.st.stm32cube.ide.mcu.externaltools.gnu-tools-for-stm32.12.3.rel1.win32_1.0.100.202403111256/tools/bin/../lib/gcc/arm-none-eabi/12.3.1/../../../../arm-none-eabi/lib/thumb/v7e-m+fp/hard\libc_nano.a(libc_a-reallocr.o)
                0x08009604                _realloc_r
 .text._malloc_usable_size_r
                0x08009660       0x10 C:/ST/STM32CubeIDE_1.15.1/STM32CubeIDE/plugins/com.st.stm32cube.ide.mcu.externaltools.gnu-tools-for-stm32.12.3.rel1.win32_1.0.100.202403111256/tools/bin/../lib/gcc/arm-none-eabi/12.3.1/../../../../arm-none-eabi/lib/thumb/v7e-m+fp/hard\libc_nano.a(libc_a-msizer.o)
                0x08009660                _malloc_usable_size_r
 *(.glue_7)
 .glue_7        0x08009670        0x0 linker stubs
 *(.glue_7t)
 .glue_7t       0x08009670        0x0 linker stubs
 *(.eh_frame)
 .eh_frame      0x08009670        0x0 C:/ST/STM32CubeIDE_1.15.1/STM32CubeIDE/plugins/com.st.stm32cube.ide.mcu.externaltools.gnu-tools-for-stm32.12.3.rel1.win32_1.0.100.202403111256/tools/bin/../lib/gcc/arm-none-eabi/12.3.1/thumb/v7e-m+fp/hard/crtbegin.o
 *(.init)
 .init          0x08009670        0x4 C:/ST/STM32CubeIDE_1.15.1/STM32CubeIDE/plugins/com.st.stm32cube.ide.mcu.externaltools.gnu-tools-for-stm32.12.3.rel1.win32_1.0.100.202403111256/tools/bin/../lib/gcc/arm-none-eabi/12.3.1/thumb/v7e-m+fp/hard/crti.o
                0x08009670                _init
 .init          0x08009674        0x8 C:/ST/STM32CubeIDE_1.15.1/STM32CubeIDE/plugins/com.st.stm32cube.ide.mcu.externaltools.gnu-tools-for-stm32.12.3.rel1.win32_1.0.100.202403111256/tools/bin/../lib/gcc/arm-none-eabi/12.3.1/thumb/v7e-m+fp/hard/crtn.o
 *(.fini)
 .fini          0x0800967c        0x4 C:/ST/STM32CubeIDE_1.15.1/STM32CubeIDE/plugins/com.st.stm32cube.ide.mcu.externaltools.gnu-tools-for-stm32.12.3.rel1.win32_1.0.100.202403111256/tools/bin/../lib/gcc/arm-none-eabi/12.3.1/thumb/v7e-m+fp/hard/crti.o
                0x0800967c                _fini
 .fini          0x08009680        0x8 C:/ST/STM32CubeIDE_1.15.1/STM32CubeIDE/plugins/com.st.stm32cube.ide.mcu.externaltools.gnu-tools-for-stm32.12.3.rel1.win32_1.0.100.202403111256/tools/bin/../lib/gcc/arm-none-eabi/12.3.1/thumb/v7e-m+fp/hard/crtn.o
                0x08009688                        . = ALIGN (0x4)
                0x08009688                        _etext = .

.vfp11_veneer   0x08009688        0x0
 .vfp11_veneer  0x08009688        0x0 linker stubs

.v4_bx          0x08009688        0x0
 .v4_bx         0x08009688        0x0 linker stubs

.iplt           0x08009688        0x0
 .iplt          0x08009688        0x0 C:/ST/STM32CubeIDE_1.15.1/STM32CubeIDE/plugins/com.st.stm32cube.ide.mcu.externaltools.gnu-tools-for-stm32.12.3.rel1.win32_1.0.100.202403111256/tools/bin/../lib/gcc/arm-none-eabi/12.3.1/thumb/v7e-m+fp/hard/crtbegin.o

.rodata         0x08009688      0x6e8
                0x08009688                        . = ALIGN (0x4)
 *(.rodata)
 .rodata        0x08009688       0x5c ./Core/Src/main.o
 .rodata        0x080096e4       0x4d ./USB_DEVICE/App/usbd_desc.o
 *(.rodata*)
 *fill*         0x08009731        0x3 
 .rodata.Font6x8
                0x08009734      0x5f0 ./Core/Src/ssd1306_fonts.o
 .rodata.AHBPrescTable
                0x08009d24       0x10 ./Core/Src/system_stm32f4xx.o
                0x08009d24                AHBPrescTable
 .rodata.APBPrescTable
                0x08009d34        0x8 ./Core/Src/system_stm32f4xx.o
                0x08009d34                APBPrescTable
 .rodata._svfprintf_r.str1.1
                0x08009d3c       0x11 C:/ST/STM32CubeIDE_1.15.1/STM32CubeIDE/plugins/com.st.stm32cube.ide.mcu.externaltools.gnu-tools-for-stm32.12.3.rel1.win32_1.0.100.202403111256/tools/bin/../lib/gcc/arm-none-eabi/12.3.1/../../../../arm-none-eabi/lib/thumb/v7e-m+fp/hard\libc_nano.a(libc_a-nano-svfprintf.o)
 .rodata._printf_i.str1.1
                0x08009d4d       0x22 C:/ST/STM32CubeIDE_1.15.1/STM32CubeIDE/plugins/com.st.stm32cube.ide.mcu.externaltools.gnu-tools-for-stm32.12.3.rel1.win32_1.0.100.202403111256/tools/bin/../lib/gcc/arm-none-eabi/12.3.1/../../../../arm-none-eabi/lib/thumb/v7e-m+fp/hard\libc_nano.a(libc_a-nano-vfprintf_i.o)
                0x08009d70                        . = ALIGN (0x4)
 *fill*         0x08009d6f        0x1 

.ARM.extab      0x08009d70        0x0
                0x08009d70                        . = ALIGN (0x4)
 *(.ARM.extab* .gnu.linkonce.armextab.*)
                0x08009d70                        . = ALIGN (0x4)

.ARM            0x08009d70        0x8
                0x08009d70                        . = ALIGN (0x4)
                0x08009d70                        __exidx_start = .
 *(.ARM.exidx*)
 .ARM.exidx     0x08009d70        0x8 C:/ST/STM32CubeIDE_1.15.1/STM32CubeIDE/plugins/com.st.stm32cube.ide.mcu.externaltools.gnu-tools-for-stm32.12.3.rel1.win32_1.0.100.202403111256/tools/bin/../lib/gcc/arm-none-eabi/12.3.1/../../../../arm-none-eabi/lib/thumb/v7e-m+fp/hard\libc_nano.a(libc_a-memchr.o)
 .ARM.exidx     0x08009d78        0x0 C:/ST/STM32CubeIDE_1.15.1/STM32CubeIDE/plugins/com.st.stm32cube.ide.mcu.externaltools.gnu-tools-for-stm32.12.3.rel1.win32_1.0.100.202403111256/tools/bin/../lib/gcc/arm-none-eabi/12.3.1/thumb/v7e-m+fp/hard\libgcc.a(_udivmoddi4.o)
                                  0x8 (size before relaxing)
                0x08009d78                        __exidx_end = .
                0x08009d78                        . = ALIGN (0x4)

.rel.dyn        0x08009d78        0x0
 .rel.iplt      0x08009d78        0x0 C:/ST/STM32CubeIDE_1.15.1/STM32CubeIDE/plugins/com.st.stm32cube.ide.mcu.externaltools.gnu-tools-for-stm32.12.3.rel1.win32_1.0.100.202403111256/tools/bin/../lib/gcc/arm-none-eabi/12.3.1/thumb/v7e-m+fp/hard/crtbegin.o

.preinit_array  0x08009d78        0x0
                0x08009d78                        . = ALIGN (0x4)
                0x08009d78                        PROVIDE (__preinit_array_start = .)
 *(.preinit_array*)
                0x08009d78                        PROVIDE (__preinit_array_end = .)
                0x08009d78                        . = ALIGN (0x4)

.init_array     0x08009d78        0x4
                0x08009d78                        . = ALIGN (0x4)
                0x08009d78                        PROVIDE (__init_array_start = .)
 *(SORT_BY_NAME(.init_array.*))
 *(.init_array*)
 .init_array    0x08009d78        0x4 C:/ST/STM32CubeIDE_1.15.1/STM32CubeIDE/plugins/com.st.stm32cube.ide.mcu.externaltools.gnu-tools-for-stm32.12.3.rel1.win32_1.0.100.202403111256/tools/bin/../lib/gcc/arm-none-eabi/12.3.1/thumb/v7e-m+fp/hard/crtbegin.o
                0x08009d7c                        PROVIDE (__init_array_end = .)
                0x08009d7c                        . = ALIGN (0x4)

.fini_array     0x08009d7c        0x4
                0x08009d7c                        . = ALIGN (0x4)
                [!provide]                        PROVIDE (__fini_array_start = .)
 *(SORT_BY_NAME(.fini_array.*))
 *(.fini_array*)
 .fini_array    0x08009d7c        0x4 C:/ST/STM32CubeIDE_1.15.1/STM32CubeIDE/plugins/com.st.stm32cube.ide.mcu.externaltools.gnu-tools-for-stm32.12.3.rel1.win32_1.0.100.202403111256/tools/bin/../lib/gcc/arm-none-eabi/12.3.1/thumb/v7e-m+fp/hard/crtbegin.o
                [!provide]                        PROVIDE (__fini_array_end = .)
                0x08009d80                        . = ALIGN (0x4)
                0x08009d80                        _sidata = LOADADDR (.data)

.data           0x20000000      0x220 load address 0x08009d80
                0x20000000                        . = ALIGN (0x4)
                0x20000000                        _sdata = .
 *(.data)
 *(.data*)
 .data.port     0x20000000       0x40 ./Core/Src/main.o
                0x20000000                port
 .data.pin      0x20000040       0x20 ./Core/Src/main.o
                0x20000040                pin
 .data.mouseReport
                0x20000060        0x5 ./Core/Src/main.o
                0x20000060                mouseReport
 *fill*         0x20000065        0x3 
 .data.gamepadReport
                0x20000068        0x7 ./Core/Src/main.o
                0x20000068                gamepadReport
 .data.modeState
                0x2000006f        0x1 ./Core/Src/main.o
                0x2000006f                modeState
 .data.modeHandlers
                0x20000070        0x8 ./Core/Src/main.o
                0x20000070                modeHandlers
 .data.Font_6x8
                0x20000078        0x8 ./Core/Src/ssd1306_fonts.o
                0x20000078                Font_6x8
 .data.SystemCoreClock
                0x20000080        0x4 ./Core/Src/system_stm32f4xx.o
                0x20000080                SystemCoreClock
 .data.uwTickPrio
                0x20000084        0x4 ./Drivers/STM32F4xx_HAL_Driver/Src/stm32f4xx_hal.o
                0x20000084                uwTickPrio
 .data.uwTickFreq
                0x20000088        0x1 ./Drivers/STM32F4xx_HAL_Driver/Src/stm32f4xx_hal.o
                0x20000088                uwTickFreq
 *fill*         0x20000089        0x3 
 .data.USBD_CUSTOM_HID
                0x2000008c       0x38 ./Middlewares/ST/STM32_USB_Device_Library/Class/CustomHID/Src/usbd_customhid.o
                0x2000008c                USBD_CUSTOM_HID
 .data.USBD_CUSTOM_HID_CfgDesc
                0x200000c4       0x29 ./Middlewares/ST/STM32_USB_Device_Library/Class/CustomHID/Src/usbd_customhid.o
 *fill*         0x200000ed        0x3 
 .data.USBD_CUSTOM_HID_Desc
                0x200000f0        0x9 ./Middlewares/ST/STM32_USB_Device_Library/Class/CustomHID/Src/usbd_customhid.o
 *fill*         0x200000f9        0x3 
 .data.USBD_CUSTOM_HID_DeviceQualifierDesc
                0x200000fc        0xa ./Middlewares/ST/STM32_USB_Device_Library/Class/CustomHID/Src/usbd_customhid.o
 .data.CUSTOMHIDInEpAdd
                0x20000106        0x1 ./Middlewares/ST/STM32_USB_Device_Library/Class/CustomHID/Src/usbd_customhid.o
 .data.CUSTOMHIDOutEpAdd
                0x20000107        0x1 ./Middlewares/ST/STM32_USB_Device_Library/Class/CustomHID/Src/usbd_customhid.o
 .data.CUSTOM_HID_ReportDesc_FS
                0x20000108       0x66 ./USB_DEVICE/App/usbd_custom_hid_if.o
 *fill*         0x2000016e        0x2 
 .data.USBD_CustomHID_fops_FS
                0x20000170       0x10 ./USB_DEVICE/App/usbd_custom_hid_if.o
                0x20000170                USBD_CustomHID_fops_FS
 .data.FS_Desc  0x20000180       0x1c ./USB_DEVICE/App/usbd_desc.o
                0x20000180                FS_Desc
 .data.USBD_FS_DeviceDesc
                0x2000019c       0x12 ./USB_DEVICE/App/usbd_desc.o
                0x2000019c                USBD_FS_DeviceDesc
 *fill*         0x200001ae        0x2 
 .data.USBD_LangIDDesc
                0x200001b0        0x4 ./USB_DEVICE/App/usbd_desc.o
                0x200001b0                USBD_LangIDDesc
 .data.USBD_StringSerial
                0x200001b4       0x1a ./USB_DEVICE/App/usbd_desc.o
                0x200001b4                USBD_StringSerial
 *fill*         0x200001ce        0x2 
 .data._impure_ptr
                0x200001d0        0x4 C:/ST/STM32CubeIDE_1.15.1/STM32CubeIDE/plugins/com.st.stm32cube.ide.mcu.externaltools.gnu-tools-for-stm32.12.3.rel1.win32_1.0.100.202403111256/tools/bin/../lib/gcc/arm-none-eabi/12.3.1/../../../../arm-none-eabi/lib/thumb/v7e-m+fp/hard\libc_nano.a(libc_a-impure.o)
                0x200001d0                _impure_ptr
 .data._impure_data
                0x200001d4       0x4c C:/ST/STM32CubeIDE_1.15.1/STM32CubeIDE/plugins/com.st.stm32cube.ide.mcu.externaltools.gnu-tools-for-stm32.12.3.rel1.win32_1.0.100.202403111256/tools/bin/../lib/gcc/arm-none-eabi/12.3.1/../../../../arm-none-eabi/lib/thumb/v7e-m+fp/hard\libc_nano.a(libc_a-impure.o)
                0x200001d4                _impure_data
 *(.RamFunc)
 *(.RamFunc*)
                0x20000220                        . = ALIGN (0x4)
                0x20000220                        _edata = .

.igot.plt       0x20000220        0x0 load address 0x08009fa0
 .igot.plt      0x20000220        0x0 C:/ST/STM32CubeIDE_1.15.1/STM32CubeIDE/plugins/com.st.stm32cube.ide.mcu.externaltools.gnu-tools-for-stm32.12.3.rel1.win32_1.0.100.202403111256/tools/bin/../lib/gcc/arm-none-eabi/12.3.1/thumb/v7e-m+fp/hard/crtbegin.o
                0x20000220                        . = ALIGN (0x4)

.bss            0x20000220     0x10f4 load address 0x08009fa0
                0x20000220                        _sbss = .
                0x20000220                        __bss_start__ = _sbss
 *(.bss)
 .bss           0x20000220       0x1c C:/ST/STM32CubeIDE_1.15.1/STM32CubeIDE/plugins/com.st.stm32cube.ide.mcu.externaltools.gnu-tools-for-stm32.12.3.rel1.win32_1.0.100.202403111256/tools/bin/../lib/gcc/arm-none-eabi/12.3.1/thumb/v7e-m+fp/hard/crtbegin.o
 *(.bss*)
 .bss.hadc1     0x2000023c       0x48 ./Core/Src/main.o
                0x2000023c                hadc1
 .bss.hi2c3     0x20000284       0x54 ./Core/Src/main.o
                0x20000284                hi2c3
 .bss.htim2     0x200002d8       0x48 ./Core/Src/main.o
                0x200002d8                htim2
 .bss.lcdBuffer
                0x20000320       0x60 ./Core/Src/main.o
                0x20000320                lcdBuffer
 .bss.adcValues
                0x20000380        0x8 ./Core/Src/main.o
                0x20000380                adcValues
 .bss.SSD1306_Buffer
                0x20000388      0x400 ./Core/Src/ssd1306.o
 .bss.SSD1306   0x20000788        0x6 ./Core/Src/ssd1306.o
 *fill*         0x2000078e        0x2 
 .bss.__sbrk_heap_end
                0x20000790        0x4 ./Core/Src/sysmem.o
 .bss.uwTick    0x20000794        0x4 ./Drivers/STM32F4xx_HAL_Driver/Src/stm32f4xx_hal.o
                0x20000794                uwTick
 .bss.cfgidx.0  0x20000798        0x1 ./Middlewares/ST/STM32_USB_Device_Library/Core/Src/usbd_ctlreq.o
 *fill*         0x20000799        0x3 
 .bss.hUsbDeviceFS
                0x2000079c      0x2dc ./USB_DEVICE/App/usb_device.o
                0x2000079c                hUsbDeviceFS
 .bss.USBD_StrDesc
                0x20000a78      0x200 ./USB_DEVICE/App/usbd_desc.o
                0x20000a78                USBD_StrDesc
 .bss.hpcd_USB_OTG_FS
                0x20000c78      0x50c ./USB_DEVICE/Target/usbd_conf.o
                0x20000c78                hpcd_USB_OTG_FS
 .bss.mem.0     0x20001184       0x48 ./USB_DEVICE/Target/usbd_conf.o
 .bss.__sf      0x200011cc      0x138 C:/ST/STM32CubeIDE_1.15.1/STM32CubeIDE/plugins/com.st.stm32cube.ide.mcu.externaltools.gnu-tools-for-stm32.12.3.rel1.win32_1.0.100.202403111256/tools/bin/../lib/gcc/arm-none-eabi/12.3.1/../../../../arm-none-eabi/lib/thumb/v7e-m+fp/hard\libc_nano.a(libc_a-findfp.o)
                0x200011cc                __sf
 .bss.errno     0x20001304        0x4 C:/ST/STM32CubeIDE_1.15.1/STM32CubeIDE/plugins/com.st.stm32cube.ide.mcu.externaltools.gnu-tools-for-stm32.12.3.rel1.win32_1.0.100.202403111256/tools/bin/../lib/gcc/arm-none-eabi/12.3.1/../../../../arm-none-eabi/lib/thumb/v7e-m+fp/hard\libc_nano.a(libc_a-reent.o)
                0x20001304                errno
 .bss.__lock___malloc_recursive_mutex
                0x20001308        0x1 C:/ST/STM32CubeIDE_1.15.1/STM32CubeIDE/plugins/com.st.stm32cube.ide.mcu.externaltools.gnu-tools-for-stm32.12.3.rel1.win32_1.0.100.202403111256/tools/bin/../lib/gcc/arm-none-eabi/12.3.1/../../../../arm-none-eabi/lib/thumb/v7e-m+fp/hard\libc_nano.a(libc_a-lock.o)
                0x20001308                __lock___malloc_recursive_mutex
 *fill*         0x20001309        0x3 
 .bss.__malloc_sbrk_start
                0x2000130c        0x4 C:/ST/STM32CubeIDE_1.15.1/STM32CubeIDE/plugins/com.st.stm32cube.ide.mcu.externaltools.gnu-tools-for-stm32.12.3.rel1.win32_1.0.100.202403111256/tools/bin/../lib/gcc/arm-none-eabi/12.3.1/../../../../arm-none-eabi/lib/thumb/v7e-m+fp/hard\libc_nano.a(libc_a-mallocr.o)
                0x2000130c                __malloc_sbrk_start
 .bss.__malloc_free_list
                0x20001310        0x4 C:/ST/STM32CubeIDE_1.15.1/STM32CubeIDE/plugins/com.st.stm32cube.ide.mcu.externaltools.gnu-tools-for-stm32.12.3.rel1.win32_1.0.100.202403111256/tools/bin/../lib/gcc/arm-none-eabi/12.3.1/../../../../arm-none-eabi/lib/thumb/v7e-m+fp/hard\libc_nano.a(libc_a-mallocr.o)
                0x20001310                __malloc_free_list
 *(COMMON)
                0x20001314                        . = ALIGN (0x4)
                0x20001314                        _ebss = .
                0x20001314                        __bss_end__ = _ebss

._user_heap_stack
                0x20001314      0x604 load address 0x08009fa0
                0x20001318                        . = ALIGN (0x8)
 *fill*         0x20001314        0x4 
                [!provide]                        PROVIDE (end = .)
                0x20001318                        PROVIDE (_end = .)
                0x20001518                        . = (. + _Min_Heap_Size)
 *fill*         0x20001318      0x200 
                0x20001918                        . = (. + _Min_Stack_Size)
 *fill*         0x20001518      0x400 
                0x20001918                        . = ALIGN (0x8)

/DISCARD/
 libc.a(*)
 libm.a(*)
 libgcc.a(*)

.ARM.attributes
                0x00000000       0x30
 *(.ARM.attributes)
 .ARM.attributes
                0x00000000       0x22 C:/ST/STM32CubeIDE_1.15.1/STM32CubeIDE/plugins/com.st.stm32cube.ide.mcu.externaltools.gnu-tools-for-stm32.12.3.rel1.win32_1.0.100.202403111256/tools/bin/../lib/gcc/arm-none-eabi/12.3.1/thumb/v7e-m+fp/hard/crti.o
 .ARM.attributes
                0x00000022       0x34 C:/ST/STM32CubeIDE_1.15.1/STM32CubeIDE/plugins/com.st.stm32cube.ide.mcu.externaltools.gnu-tools-for-stm32.12.3.rel1.win32_1.0.100.202403111256/tools/bin/../lib/gcc/arm-none-eabi/12.3.1/thumb/v7e-m+fp/hard/crtbegin.o
 .ARM.attributes
                0x00000056       0x34 ./Core/Src/main.o
 .ARM.attributes
                0x0000008a       0x34 ./Core/Src/ssd1306.o
 .ARM.attributes
                0x000000be       0x34 ./Core/Src/ssd1306_fonts.o
 .ARM.attributes
                0x000000f2       0x34 ./Core/Src/stm32f4xx_hal_msp.o
 .ARM.attributes
                0x00000126       0x34 ./Core/Src/stm32f4xx_it.o
 .ARM.attributes
                0x0000015a       0x34 ./Core/Src/sysmem.o
 .ARM.attributes
                0x0000018e       0x34 ./Core/Src/system_stm32f4xx.o
 .ARM.attributes
                0x000001c2       0x21 ./Core/Startup/startup_stm32f401ccux.o
 .ARM.attributes
                0x000001e3       0x34 ./Drivers/STM32F4xx_HAL_Driver/Src/stm32f4xx_hal.o
 .ARM.attributes
                0x00000217       0x34 ./Drivers/STM32F4xx_HAL_Driver/Src/stm32f4xx_hal_adc.o
 .ARM.attributes
                0x0000024b       0x34 ./Drivers/STM32F4xx_HAL_Driver/Src/stm32f4xx_hal_cortex.o
 .ARM.attributes
                0x0000027f       0x34 ./Drivers/STM32F4xx_HAL_Driver/Src/stm32f4xx_hal_gpio.o
 .ARM.attributes
                0x000002b3       0x34 ./Drivers/STM32F4xx_HAL_Driver/Src/stm32f4xx_hal_i2c.o
 .ARM.attributes
                0x000002e7       0x34 ./Drivers/STM32F4xx_HAL_Driver/Src/stm32f4xx_hal_pcd.o
 .ARM.attributes
                0x0000031b       0x34 ./Drivers/STM32F4xx_HAL_Driver/Src/stm32f4xx_hal_pcd_ex.o
 .ARM.attributes
                0x0000034f       0x34 ./Drivers/STM32F4xx_HAL_Driver/Src/stm32f4xx_hal_rcc.o
 .ARM.attributes
                0x00000383       0x34 ./Drivers/STM32F4xx_HAL_Driver/Src/stm32f4xx_hal_tim.o
 .ARM.attributes
                0x000003b7       0x34 ./Drivers/STM32F4xx_HAL_Driver/Src/stm32f4xx_hal_tim_ex.o
 .ARM.attributes
                0x000003eb       0x34 ./Drivers/STM32F4xx_HAL_Driver/Src/stm32f4xx_ll_usb.o
 .ARM.attributes
                0x0000041f       0x34 ./Middlewares/ST/STM32_USB_Device_Library/Class/CustomHID/Src/usbd_customhid.o
 .ARM.attributes
                0x00000453       0x34 ./Middlewares/ST/STM32_USB_Device_Library/Core/Src/usbd_core.o
 .ARM.attributes
                0x00000487       0x34 ./Middlewares/ST/STM32_USB_Device_Library/Core/Src/usbd_ctlreq.o
 .ARM.attributes
                0x000004bb       0x34 ./Middlewares/ST/STM32_USB_Device_Library/Core/Src/usbd_ioreq.o
 .ARM.attributes
                0x000004ef       0x34 ./USB_DEVICE/App/usb_device.o
 .ARM.attributes
                0x00000523       0x34 ./USB_DEVICE/App/usbd_custom_hid_if.o
 .ARM.attributes
                0x00000557       0x34 ./USB_DEVICE/App/usbd_desc.o
 .ARM.attributes
                0x0000058b       0x34 ./USB_DEVICE/Target/usbd_conf.o
 .ARM.attributes
                0x000005bf       0x34 C:/ST/STM32CubeIDE_1.15.1/STM32CubeIDE/plugins/com.st.stm32cube.ide.mcu.externaltools.gnu-tools-for-stm32.12.3.rel1.win32_1.0.100.202403111256/tools/bin/../lib/gcc/arm-none-eabi/12.3.1/../../../../arm-none-eabi/lib/thumb/v7e-m+fp/hard\libc_nano.a(libc_a-findfp.o)
 .ARM.attributes
                0x000005f3       0x34 C:/ST/STM32CubeIDE_1.15.1/STM32CubeIDE/plugins/com.st.stm32cube.ide.mcu.externaltools.gnu-tools-for-stm32.12.3.rel1.win32_1.0.100.202403111256/tools/bin/../lib/gcc/arm-none-eabi/12.3.1/../../../../arm-none-eabi/lib/thumb/v7e-m+fp/hard\libc_nano.a(libc_a-sprintf.o)
 .ARM.attributes
                0x00000627       0x34 C:/ST/STM32CubeIDE_1.15.1/STM32CubeIDE/plugins/com.st.stm32cube.ide.mcu.externaltools.gnu-tools-for-stm32.12.3.rel1.win32_1.0.100.202403111256/tools/bin/../lib/gcc/arm-none-eabi/12.3.1/../../../../arm-none-eabi/lib/thumb/v7e-m+fp/hard\libc_nano.a(libc_a-memmove.o)
 .ARM.attributes
                0x0000065b       0x34 C:/ST/STM32CubeIDE_1.15.1/STM32CubeIDE/plugins/com.st.stm32cube.ide.mcu.externaltools.gnu-tools-for-stm32.12.3.rel1.win32_1.0.100.202403111256/tools/bin/../lib/gcc/arm-none-eabi/12.3.1/../../../../arm-none-eabi/lib/thumb/v7e-m+fp/hard\libc_nano.a(libc_a-memset.o)
 .ARM.attributes
                0x0000068f       0x34 C:/ST/STM32CubeIDE_1.15.1/STM32CubeIDE/plugins/com.st.stm32cube.ide.mcu.externaltools.gnu-tools-for-stm32.12.3.rel1.win32_1.0.100.202403111256/tools/bin/../lib/gcc/arm-none-eabi/12.3.1/../../../../arm-none-eabi/lib/thumb/v7e-m+fp/hard\libc_nano.a(libc_a-reent.o)
 .ARM.attributes
                0x000006c3       0x34 C:/ST/STM32CubeIDE_1.15.1/STM32CubeIDE/plugins/com.st.stm32cube.ide.mcu.externaltools.gnu-tools-for-stm32.12.3.rel1.win32_1.0.100.202403111256/tools/bin/../lib/gcc/arm-none-eabi/12.3.1/../../../../arm-none-eabi/lib/thumb/v7e-m+fp/hard\libc_nano.a(libc_a-impure.o)
 .ARM.attributes
                0x000006f7       0x34 C:/ST/STM32CubeIDE_1.15.1/STM32CubeIDE/plugins/com.st.stm32cube.ide.mcu.externaltools.gnu-tools-for-stm32.12.3.rel1.win32_1.0.100.202403111256/tools/bin/../lib/gcc/arm-none-eabi/12.3.1/../../../../arm-none-eabi/lib/thumb/v7e-m+fp/hard\libc_nano.a(libc_a-errno.o)
 .ARM.attributes
                0x0000072b       0x34 C:/ST/STM32CubeIDE_1.15.1/STM32CubeIDE/plugins/com.st.stm32cube.ide.mcu.externaltools.gnu-tools-for-stm32.12.3.rel1.win32_1.0.100.202403111256/tools/bin/../lib/gcc/arm-none-eabi/12.3.1/../../../../arm-none-eabi/lib/thumb/v7e-m+fp/hard\libc_nano.a(libc_a-init.o)
 .ARM.attributes
                0x0000075f       0x34 C:/ST/STM32CubeIDE_1.15.1/STM32CubeIDE/plugins/com.st.stm32cube.ide.mcu.externaltools.gnu-tools-for-stm32.12.3.rel1.win32_1.0.100.202403111256/tools/bin/../lib/gcc/arm-none-eabi/12.3.1/../../../../arm-none-eabi/lib/thumb/v7e-m+fp/hard\libc_nano.a(libc_a-lock.o)
 .ARM.attributes
                0x00000793       0x34 C:/ST/STM32CubeIDE_1.15.1/STM32CubeIDE/plugins/com.st.stm32cube.ide.mcu.externaltools.gnu-tools-for-stm32.12.3.rel1.win32_1.0.100.202403111256/tools/bin/../lib/gcc/arm-none-eabi/12.3.1/../../../../arm-none-eabi/lib/thumb/v7e-m+fp/hard\libc_nano.a(libc_a-memcpy-stub.o)
 .ARM.attributes
                0x000007c7       0x34 C:/ST/STM32CubeIDE_1.15.1/STM32CubeIDE/plugins/com.st.stm32cube.ide.mcu.externaltools.gnu-tools-for-stm32.12.3.rel1.win32_1.0.100.202403111256/tools/bin/../lib/gcc/arm-none-eabi/12.3.1/../../../../arm-none-eabi/lib/thumb/v7e-m+fp/hard\libc_nano.a(libc_a-freer.o)
 .ARM.attributes
                0x000007fb       0x34 C:/ST/STM32CubeIDE_1.15.1/STM32CubeIDE/plugins/com.st.stm32cube.ide.mcu.externaltools.gnu-tools-for-stm32.12.3.rel1.win32_1.0.100.202403111256/tools/bin/../lib/gcc/arm-none-eabi/12.3.1/../../../../arm-none-eabi/lib/thumb/v7e-m+fp/hard\libc_nano.a(libc_a-mallocr.o)
 .ARM.attributes
                0x0000082f       0x34 C:/ST/STM32CubeIDE_1.15.1/STM32CubeIDE/plugins/com.st.stm32cube.ide.mcu.externaltools.gnu-tools-for-stm32.12.3.rel1.win32_1.0.100.202403111256/tools/bin/../lib/gcc/arm-none-eabi/12.3.1/../../../../arm-none-eabi/lib/thumb/v7e-m+fp/hard\libc_nano.a(libc_a-mlock.o)
 .ARM.attributes
                0x00000863       0x34 C:/ST/STM32CubeIDE_1.15.1/STM32CubeIDE/plugins/com.st.stm32cube.ide.mcu.externaltools.gnu-tools-for-stm32.12.3.rel1.win32_1.0.100.202403111256/tools/bin/../lib/gcc/arm-none-eabi/12.3.1/../../../../arm-none-eabi/lib/thumb/v7e-m+fp/hard\libc_nano.a(libc_a-nano-svfprintf.o)
 .ARM.attributes
                0x00000897       0x34 C:/ST/STM32CubeIDE_1.15.1/STM32CubeIDE/plugins/com.st.stm32cube.ide.mcu.externaltools.gnu-tools-for-stm32.12.3.rel1.win32_1.0.100.202403111256/tools/bin/../lib/gcc/arm-none-eabi/12.3.1/../../../../arm-none-eabi/lib/thumb/v7e-m+fp/hard\libc_nano.a(libc_a-nano-vfprintf_i.o)
 .ARM.attributes
                0x000008cb       0x34 C:/ST/STM32CubeIDE_1.15.1/STM32CubeIDE/plugins/com.st.stm32cube.ide.mcu.externaltools.gnu-tools-for-stm32.12.3.rel1.win32_1.0.100.202403111256/tools/bin/../lib/gcc/arm-none-eabi/12.3.1/../../../../arm-none-eabi/lib/thumb/v7e-m+fp/hard\libc_nano.a(libc_a-sbrkr.o)
 .ARM.attributes
                0x000008ff       0x1c C:/ST/STM32CubeIDE_1.15.1/STM32CubeIDE/plugins/com.st.stm32cube.ide.mcu.externaltools.gnu-tools-for-stm32.12.3.rel1.win32_1.0.100.202403111256/tools/bin/../lib/gcc/arm-none-eabi/12.3.1/../../../../arm-none-eabi/lib/thumb/v7e-m+fp/hard\libc_nano.a(libc_a-memchr.o)
 .ARM.attributes
                0x0000091b       0x34 C:/ST/STM32CubeIDE_1.15.1/STM32CubeIDE/plugins/com.st.stm32cube.ide.mcu.externaltools.gnu-tools-for-stm32.12.3.rel1.win32_1.0.100.202403111256/tools/bin/../lib/gcc/arm-none-eabi/12.3.1/../../../../arm-none-eabi/lib/thumb/v7e-m+fp/hard\libc_nano.a(libc_a-reallocr.o)
 .ARM.attributes
                0x0000094f       0x34 C:/ST/STM32CubeIDE_1.15.1/STM32CubeIDE/plugins/com.st.stm32cube.ide.mcu.externaltools.gnu-tools-for-stm32.12.3.rel1.win32_1.0.100.202403111256/tools/bin/../lib/gcc/arm-none-eabi/12.3.1/../../../../arm-none-eabi/lib/thumb/v7e-m+fp/hard\libc_nano.a(libc_a-msizer.o)
 .ARM.attributes
                0x00000983       0x22 C:/ST/STM32CubeIDE_1.15.1/STM32CubeIDE/plugins/com.st.stm32cube.ide.mcu.externaltools.gnu-tools-for-stm32.12.3.rel1.win32_1.0.100.202403111256/tools/bin/../lib/gcc/arm-none-eabi/12.3.1/thumb/v7e-m+fp/hard\libgcc.a(_aeabi_uldivmod.o)
 .ARM.attributes
                0x000009a5       0x34 C:/ST/STM32CubeIDE_1.15.1/STM32CubeIDE/plugins/com.st.stm32cube.ide.mcu.externaltools.gnu-tools-for-stm32.12.3.rel1.win32_1.0.100.202403111256/tools/bin/../lib/gcc/arm-none-eabi/12.3.1/thumb/v7e-m+fp/hard\libgcc.a(_udivmoddi4.o)
 .ARM.attributes
                0x000009d9       0x22 C:/ST/STM32CubeIDE_1.15.1/STM32CubeIDE/plugins/com.st.stm32cube.ide.mcu.externaltools.gnu-tools-for-stm32.12.3.rel1.win32_1.0.100.202403111256/tools/bin/../lib/gcc/arm-none-eabi/12.3.1/thumb/v7e-m+fp/hard\libgcc.a(_dvmd_tls.o)
 .ARM.attributes
                0x000009fb       0x22 C:/ST/STM32CubeIDE_1.15.1/STM32CubeIDE/plugins/com.st.stm32cube.ide.mcu.externaltools.gnu-tools-for-stm32.12.3.rel1.win32_1.0.100.202403111256/tools/bin/../lib/gcc/arm-none-eabi/12.3.1/thumb/v7e-m+fp/hard/crtn.o
OUTPUT(gamepad_fw.elf elf32-littlearm)
LOAD linker stubs
LOAD C:/ST/STM32CubeIDE_1.15.1/STM32CubeIDE/plugins/com.st.stm32cube.ide.mcu.externaltools.gnu-tools-for-stm32.12.3.rel1.win32_1.0.100.202403111256/tools/bin/../lib/gcc/arm-none-eabi/12.3.1/../../../../arm-none-eabi/lib/thumb/v7e-m+fp/hard\libc.a
LOAD C:/ST/STM32CubeIDE_1.15.1/STM32CubeIDE/plugins/com.st.stm32cube.ide.mcu.externaltools.gnu-tools-for-stm32.12.3.rel1.win32_1.0.100.202403111256/tools/bin/../lib/gcc/arm-none-eabi/12.3.1/../../../../arm-none-eabi/lib/thumb/v7e-m+fp/hard\libm.a
LOAD C:/ST/STM32CubeIDE_1.15.1/STM32CubeIDE/plugins/com.st.stm32cube.ide.mcu.externaltools.gnu-tools-for-stm32.12.3.rel1.win32_1.0.100.202403111256/tools/bin/../lib/gcc/arm-none-eabi/12.3.1/thumb/v7e-m+fp/hard\libgcc.a

.debug_info     0x00000000    0x17232
 .debug_info    0x00000000     0x1d90 ./Core/Src/main.o
 .debug_info    0x00001d90     0x11c7 ./Core/Src/ssd1306.o
 .debug_info    0x00002f57      0x216 ./Core/Src/ssd1306_fonts.o
 .debug_info    0x0000316d     0x1093 ./Core/Src/stm32f4xx_hal_msp.o
 .debug_info    0x00004200      0x60f ./Core/Src/stm32f4xx_it.o
 .debug_info    0x0000480f      0x168 ./Core/Src/sysmem.o
 .debug_info    0x00004977      0x53e ./Core/Src/system_stm32f4xx.o
 .debug_info    0x00004eb5       0x30 ./Core/Startup/startup_stm32f401ccux.o
 .debug_info    0x00004ee5      0x8bb ./Drivers/STM32F4xx_HAL_Driver/Src/stm32f4xx_hal.o
 .debug_info    0x000057a0      0xcd1 ./Drivers/STM32F4xx_HAL_Driver/Src/stm32f4xx_hal_adc.o
 .debug_info    0x00006471      0xcb0 ./Drivers/STM32F4xx_HAL_Driver/Src/stm32f4xx_hal_cortex.o
 .debug_info    0x00007121      0x6f9 ./Drivers/STM32F4xx_HAL_Driver/Src/stm32f4xx_hal_gpio.o
 .debug_info    0x0000781a     0x23f2 ./Drivers/STM32F4xx_HAL_Driver/Src/stm32f4xx_hal_i2c.o
 .debug_info    0x00009c0c     0x1549 ./Drivers/STM32F4xx_HAL_Driver/Src/stm32f4xx_hal_pcd.o
 .debug_info    0x0000b155      0x6d2 ./Drivers/STM32F4xx_HAL_Driver/Src/stm32f4xx_hal_pcd_ex.o
 .debug_info    0x0000b827      0x8f3 ./Drivers/STM32F4xx_HAL_Driver/Src/stm32f4xx_hal_rcc.o
 .debug_info    0x0000c11a     0x2941 ./Drivers/STM32F4xx_HAL_Driver/Src/stm32f4xx_hal_tim.o
 .debug_info    0x0000ea5b     0x14a7 ./Drivers/STM32F4xx_HAL_Driver/Src/stm32f4xx_hal_tim_ex.o
 .debug_info    0x0000ff02     0x18f6 ./Drivers/STM32F4xx_HAL_Driver/Src/stm32f4xx_ll_usb.o
 .debug_info    0x000117f8      0xc53 ./Middlewares/ST/STM32_USB_Device_Library/Class/CustomHID/Src/usbd_customhid.o
 .debug_info    0x0001244b      0xe05 ./Middlewares/ST/STM32_USB_Device_Library/Core/Src/usbd_core.o
 .debug_info    0x00013250      0xade ./Middlewares/ST/STM32_USB_Device_Library/Core/Src/usbd_ctlreq.o
 .debug_info    0x00013d2e      0x755 ./Middlewares/ST/STM32_USB_Device_Library/Core/Src/usbd_ioreq.o
 .debug_info    0x00014483      0x6c4 ./USB_DEVICE/App/usb_device.o
 .debug_info    0x00014b47      0x6b6 ./USB_DEVICE/App/usbd_custom_hid_if.o
 .debug_info    0x000151fd      0x458 ./USB_DEVICE/App/usbd_desc.o
 .debug_info    0x00015655     0x1bdd ./USB_DEVICE/Target/usbd_conf.o

.debug_abbrev   0x00000000     0x3a4a
 .debug_abbrev  0x00000000      0x3b4 ./Core/Src/main.o
 .debug_abbrev  0x000003b4      0x35c ./Core/Src/ssd1306.o
 .debug_abbrev  0x00000710       0xc6 ./Core/Src/ssd1306_fonts.o
 .debug_abbrev  0x000007d6      0x1e3 ./Core/Src/stm32f4xx_hal_msp.o
 .debug_abbrev  0x000009b9      0x1a4 ./Core/Src/stm32f4xx_it.o
 .debug_abbrev  0x00000b5d       0xbc ./Core/Src/sysmem.o
 .debug_abbrev  0x00000c19      0x11a ./Core/Src/system_stm32f4xx.o
 .debug_abbrev  0x00000d33       0x24 ./Core/Startup/startup_stm32f401ccux.o
 .debug_abbrev  0x00000d57      0x24b ./Drivers/STM32F4xx_HAL_Driver/Src/stm32f4xx_hal.o
 .debug_abbrev  0x00000fa2      0x20e ./Drivers/STM32F4xx_HAL_Driver/Src/stm32f4xx_hal_adc.o
 .debug_abbrev  0x000011b0      0x327 ./Drivers/STM32F4xx_HAL_Driver/Src/stm32f4xx_hal_cortex.o
 .debug_abbrev  0x000014d7      0x1d3 ./Drivers/STM32F4xx_HAL_Driver/Src/stm32f4xx_hal_gpio.o
 .debug_abbrev  0x000016aa      0x2bc ./Drivers/STM32F4xx_HAL_Driver/Src/stm32f4xx_hal_i2c.o
 .debug_abbrev  0x00001966      0x2cd ./Drivers/STM32F4xx_HAL_Driver/Src/stm32f4xx_hal_pcd.o
 .debug_abbrev  0x00001c33      0x1da ./Drivers/STM32F4xx_HAL_Driver/Src/stm32f4xx_hal_pcd_ex.o
 .debug_abbrev  0x00001e0d      0x2b5 ./Drivers/STM32F4xx_HAL_Driver/Src/stm32f4xx_hal_rcc.o
 .debug_abbrev  0x000020c2      0x284 ./Drivers/STM32F4xx_HAL_Driver/Src/stm32f4xx_hal_tim.o
 .debug_abbrev  0x00002346      0x28f ./Drivers/STM32F4xx_HAL_Driver/Src/stm32f4xx_hal_tim_ex.o
 .debug_abbrev  0x000025d5      0x2ac ./Drivers/STM32F4xx_HAL_Driver/Src/stm32f4xx_ll_usb.o
 .debug_abbrev  0x00002881      0x2d0 ./Middlewares/ST/STM32_USB_Device_Library/Class/CustomHID/Src/usbd_customhid.o
 .debug_abbrev  0x00002b51      0x27c ./Middlewares/ST/STM32_USB_Device_Library/Core/Src/usbd_core.o
 .debug_abbrev  0x00002dcd      0x26f ./Middlewares/ST/STM32_USB_Device_Library/Core/Src/usbd_ctlreq.o
 .debug_abbrev  0x0000303c      0x19a ./Middlewares/ST/STM32_USB_Device_Library/Core/Src/usbd_ioreq.o
 .debug_abbrev  0x000031d6      0x194 ./USB_DEVICE/App/usb_device.o
 .debug_abbrev  0x0000336a      0x1c0 ./USB_DEVICE/App/usbd_custom_hid_if.o
 .debug_abbrev  0x0000352a      0x1e1 ./USB_DEVICE/App/usbd_desc.o
 .debug_abbrev  0x0000370b      0x33f ./USB_DEVICE/Target/usbd_conf.o

.debug_aranges  0x00000000     0x1560
 .debug_aranges
                0x00000000       0x80 ./Core/Src/main.o
 .debug_aranges
                0x00000080       0xe0 ./Core/Src/ssd1306.o
 .debug_aranges
                0x00000160       0x18 ./Core/Src/ssd1306_fonts.o
 .debug_aranges
                0x00000178       0x50 ./Core/Src/stm32f4xx_hal_msp.o
 .debug_aranges
                0x000001c8       0x68 ./Core/Src/stm32f4xx_it.o
 .debug_aranges
                0x00000230       0x20 ./Core/Src/sysmem.o
 .debug_aranges
                0x00000250       0x28 ./Core/Src/system_stm32f4xx.o
 .debug_aranges
                0x00000278       0x28 ./Core/Startup/startup_stm32f401ccux.o
 .debug_aranges
                0x000002a0       0xf0 ./Drivers/STM32F4xx_HAL_Driver/Src/stm32f4xx_hal.o
 .debug_aranges
                0x00000390       0xe8 ./Drivers/STM32F4xx_HAL_Driver/Src/stm32f4xx_hal_adc.o
 .debug_aranges
                0x00000478      0x118 ./Drivers/STM32F4xx_HAL_Driver/Src/stm32f4xx_hal_cortex.o
 .debug_aranges
                0x00000590       0x58 ./Drivers/STM32F4xx_HAL_Driver/Src/stm32f4xx_hal_gpio.o
 .debug_aranges
                0x000005e8      0x2a0 ./Drivers/STM32F4xx_HAL_Driver/Src/stm32f4xx_hal_i2c.o
 .debug_aranges
                0x00000888      0x148 ./Drivers/STM32F4xx_HAL_Driver/Src/stm32f4xx_hal_pcd.o
 .debug_aranges
                0x000009d0       0x38 ./Drivers/STM32F4xx_HAL_Driver/Src/stm32f4xx_hal_pcd_ex.o
 .debug_aranges
                0x00000a08       0x88 ./Drivers/STM32F4xx_HAL_Driver/Src/stm32f4xx_hal_rcc.o
 .debug_aranges
                0x00000a90      0x3d0 ./Drivers/STM32F4xx_HAL_Driver/Src/stm32f4xx_hal_tim.o
 .debug_aranges
                0x00000e60      0x168 ./Drivers/STM32F4xx_HAL_Driver/Src/stm32f4xx_hal_tim_ex.o
 .debug_aranges
                0x00000fc8      0x1a0 ./Drivers/STM32F4xx_HAL_Driver/Src/stm32f4xx_ll_usb.o
 .debug_aranges
                0x00001168       0x80 ./Middlewares/ST/STM32_USB_Device_Library/Class/CustomHID/Src/usbd_customhid.o
 .debug_aranges
                0x000011e8       0xd8 ./Middlewares/ST/STM32_USB_Device_Library/Core/Src/usbd_core.o
 .debug_aranges
                0x000012c0       0x90 ./Middlewares/ST/STM32_USB_Device_Library/Core/Src/usbd_ctlreq.o
 .debug_aranges
                0x00001350       0x50 ./Middlewares/ST/STM32_USB_Device_Library/Core/Src/usbd_ioreq.o
 .debug_aranges
                0x000013a0       0x20 ./USB_DEVICE/App/usb_device.o
 .debug_aranges
                0x000013c0       0x30 ./USB_DEVICE/App/usbd_custom_hid_if.o
 .debug_aranges
                0x000013f0       0x60 ./USB_DEVICE/App/usbd_desc.o
 .debug_aranges
                0x00001450      0x110 ./USB_DEVICE/Target/usbd_conf.o

.debug_rnglists
                0x00000000     0x1070
 .debug_rnglists
                0x00000000       0x63 ./Core/Src/main.o
 .debug_rnglists
                0x00000063       0xad ./Core/Src/ssd1306.o
 .debug_rnglists
                0x00000110       0x3a ./Core/Src/stm32f4xx_hal_msp.o
 .debug_rnglists
                0x0000014a       0x49 ./Core/Src/stm32f4xx_it.o
 .debug_rnglists
                0x00000193       0x13 ./Core/Src/sysmem.o
 .debug_rnglists
                0x000001a6       0x1a ./Core/Src/system_stm32f4xx.o
 .debug_rnglists
                0x000001c0       0x19 ./Core/Startup/startup_stm32f401ccux.o
 .debug_rnglists
                0x000001d9       0xaf ./Drivers/STM32F4xx_HAL_Driver/Src/stm32f4xx_hal.o
 .debug_rnglists
                0x00000288       0xb5 ./Drivers/STM32F4xx_HAL_Driver/Src/stm32f4xx_hal_adc.o
 .debug_rnglists
                0x0000033d       0xce ./Drivers/STM32F4xx_HAL_Driver/Src/stm32f4xx_hal_cortex.o
 .debug_rnglists
                0x0000040b       0x3f ./Drivers/STM32F4xx_HAL_Driver/Src/stm32f4xx_hal_gpio.o
 .debug_rnglists
                0x0000044a      0x235 ./Drivers/STM32F4xx_HAL_Driver/Src/stm32f4xx_hal_i2c.o
 .debug_rnglists
                0x0000067f       0xfc ./Drivers/STM32F4xx_HAL_Driver/Src/stm32f4xx_hal_pcd.o
 .debug_rnglists
                0x0000077b       0x26 ./Drivers/STM32F4xx_HAL_Driver/Src/stm32f4xx_hal_pcd_ex.o
 .debug_rnglists
                0x000007a1       0x66 ./Drivers/STM32F4xx_HAL_Driver/Src/stm32f4xx_hal_rcc.o
 .debug_rnglists
                0x00000807      0x31a ./Drivers/STM32F4xx_HAL_Driver/Src/stm32f4xx_hal_tim.o
 .debug_rnglists
                0x00000b21      0x125 ./Drivers/STM32F4xx_HAL_Driver/Src/stm32f4xx_hal_tim_ex.o
 .debug_rnglists
                0x00000c46      0x148 ./Drivers/STM32F4xx_HAL_Driver/Src/stm32f4xx_ll_usb.o
 .debug_rnglists
                0x00000d8e       0x5e ./Middlewares/ST/STM32_USB_Device_Library/Class/CustomHID/Src/usbd_customhid.o
 .debug_rnglists
                0x00000dec       0xa1 ./Middlewares/ST/STM32_USB_Device_Library/Core/Src/usbd_core.o
 .debug_rnglists
                0x00000e8d       0x6e ./Middlewares/ST/STM32_USB_Device_Library/Core/Src/usbd_ctlreq.o
 .debug_rnglists
                0x00000efb       0x37 ./Middlewares/ST/STM32_USB_Device_Library/Core/Src/usbd_ioreq.o
 .debug_rnglists
                0x00000f32       0x13 ./USB_DEVICE/App/usb_device.o
 .debug_rnglists
                0x00000f45       0x1f ./USB_DEVICE/App/usbd_custom_hid_if.o
 .debug_rnglists
                0x00000f64       0x43 ./USB_DEVICE/App/usbd_desc.o
 .debug_rnglists
                0x00000fa7       0xc9 ./USB_DEVICE/Target/usbd_conf.o

.debug_macro    0x00000000    0x1af36
 .debug_macro   0x00000000      0x3e0 ./Core/Src/main.o
 .debug_macro   0x000003e0      0xab4 ./Core/Src/main.o
 .debug_macro   0x00000e94      0x2a7 ./Core/Src/main.o
 .debug_macro   0x0000113b       0x2e ./Core/Src/main.o
 .debug_macro   0x00001169       0x28 ./Core/Src/main.o
 .debug_macro   0x00001191       0x22 ./Core/Src/main.o
 .debug_macro   0x000011b3       0x8e ./Core/Src/main.o
 .debug_macro   0x00001241       0x51 ./Core/Src/main.o
 .debug_macro   0x00001292      0x103 ./Core/Src/main.o
 .debug_macro   0x00001395       0x6a ./Core/Src/main.o
 .debug_macro   0x000013ff      0x1df ./Core/Src/main.o
 .debug_macro   0x000015de       0x1c ./Core/Src/main.o
 .debug_macro   0x000015fa       0x22 ./Core/Src/main.o
 .debug_macro   0x0000161c       0xd9 ./Core/Src/main.o